Archive member included to satisfy reference by file (symbol)

c:/st/stm32cubeide_1.4.0/stm32cubeide/plugins/com.st.stm32cube.ide.mcu.externaltools.gnu-tools-for-stm32.7-2018-q2-update.win32_1.4.0.202007081208/tools/bin/../lib/gcc/arm-none-eabi/7.3.1/../../../../arm-none-eabi/lib/thumb/v7e-m/fpv4-sp/hard\libc_nano.a(lib_a-errno.o)
                              Core/Src/syscalls.o (__errno)
c:/st/stm32cubeide_1.4.0/stm32cubeide/plugins/com.st.stm32cube.ide.mcu.externaltools.gnu-tools-for-stm32.7-2018-q2-update.win32_1.4.0.202007081208/tools/bin/../lib/gcc/arm-none-eabi/7.3.1/../../../../arm-none-eabi/lib/thumb/v7e-m/fpv4-sp/hard\libc_nano.a(lib_a-exit.o)
                              c:/st/stm32cubeide_1.4.0/stm32cubeide/plugins/com.st.stm32cube.ide.mcu.externaltools.gnu-tools-for-stm32.7-2018-q2-update.win32_1.4.0.202007081208/tools/bin/../lib/gcc/arm-none-eabi/7.3.1/../../../../arm-none-eabi/lib/thumb/v7e-m/fpv4-sp/hard/crt0.o (exit)
c:/st/stm32cubeide_1.4.0/stm32cubeide/plugins/com.st.stm32cube.ide.mcu.externaltools.gnu-tools-for-stm32.7-2018-q2-update.win32_1.4.0.202007081208/tools/bin/../lib/gcc/arm-none-eabi/7.3.1/../../../../arm-none-eabi/lib/thumb/v7e-m/fpv4-sp/hard\libc_nano.a(lib_a-impure.o)
                              c:/st/stm32cubeide_1.4.0/stm32cubeide/plugins/com.st.stm32cube.ide.mcu.externaltools.gnu-tools-for-stm32.7-2018-q2-update.win32_1.4.0.202007081208/tools/bin/../lib/gcc/arm-none-eabi/7.3.1/../../../../arm-none-eabi/lib/thumb/v7e-m/fpv4-sp/hard\libc_nano.a(lib_a-exit.o) (_global_impure_ptr)
c:/st/stm32cubeide_1.4.0/stm32cubeide/plugins/com.st.stm32cube.ide.mcu.externaltools.gnu-tools-for-stm32.7-2018-q2-update.win32_1.4.0.202007081208/tools/bin/../lib/gcc/arm-none-eabi/7.3.1/../../../../arm-none-eabi/lib/thumb/v7e-m/fpv4-sp/hard\libc_nano.a(lib_a-init.o)
                              c:/st/stm32cubeide_1.4.0/stm32cubeide/plugins/com.st.stm32cube.ide.mcu.externaltools.gnu-tools-for-stm32.7-2018-q2-update.win32_1.4.0.202007081208/tools/bin/../lib/gcc/arm-none-eabi/7.3.1/../../../../arm-none-eabi/lib/thumb/v7e-m/fpv4-sp/hard/crt0.o (__libc_init_array)
c:/st/stm32cubeide_1.4.0/stm32cubeide/plugins/com.st.stm32cube.ide.mcu.externaltools.gnu-tools-for-stm32.7-2018-q2-update.win32_1.4.0.202007081208/tools/bin/../lib/gcc/arm-none-eabi/7.3.1/../../../../arm-none-eabi/lib/thumb/v7e-m/fpv4-sp/hard\libc_nano.a(lib_a-memcpy-stub.o)
                              Core/Src/main.o (memcpy)
c:/st/stm32cubeide_1.4.0/stm32cubeide/plugins/com.st.stm32cube.ide.mcu.externaltools.gnu-tools-for-stm32.7-2018-q2-update.win32_1.4.0.202007081208/tools/bin/../lib/gcc/arm-none-eabi/7.3.1/../../../../arm-none-eabi/lib/thumb/v7e-m/fpv4-sp/hard\libc_nano.a(lib_a-memset.o)
                              c:/st/stm32cubeide_1.4.0/stm32cubeide/plugins/com.st.stm32cube.ide.mcu.externaltools.gnu-tools-for-stm32.7-2018-q2-update.win32_1.4.0.202007081208/tools/bin/../lib/gcc/arm-none-eabi/7.3.1/../../../../arm-none-eabi/lib/thumb/v7e-m/fpv4-sp/hard/crt0.o (memset)
c:/st/stm32cubeide_1.4.0/stm32cubeide/plugins/com.st.stm32cube.ide.mcu.externaltools.gnu-tools-for-stm32.7-2018-q2-update.win32_1.4.0.202007081208/tools/bin/../lib/gcc/arm-none-eabi/7.3.1/../../../../arm-none-eabi/lib/thumb/v7e-m/fpv4-sp/hard\libc_nano.a(lib_a-sprintf.o)
                              Core/Src/main.o (sprintf)
c:/st/stm32cubeide_1.4.0/stm32cubeide/plugins/com.st.stm32cube.ide.mcu.externaltools.gnu-tools-for-stm32.7-2018-q2-update.win32_1.4.0.202007081208/tools/bin/../lib/gcc/arm-none-eabi/7.3.1/../../../../arm-none-eabi/lib/thumb/v7e-m/fpv4-sp/hard\libc_nano.a(lib_a-strlen.o)
                              Core/Src/main.o (strlen)
c:/st/stm32cubeide_1.4.0/stm32cubeide/plugins/com.st.stm32cube.ide.mcu.externaltools.gnu-tools-for-stm32.7-2018-q2-update.win32_1.4.0.202007081208/tools/bin/../lib/gcc/arm-none-eabi/7.3.1/../../../../arm-none-eabi/lib/thumb/v7e-m/fpv4-sp/hard\libc_nano.a(lib_a-nano-svfprintf.o)
                              c:/st/stm32cubeide_1.4.0/stm32cubeide/plugins/com.st.stm32cube.ide.mcu.externaltools.gnu-tools-for-stm32.7-2018-q2-update.win32_1.4.0.202007081208/tools/bin/../lib/gcc/arm-none-eabi/7.3.1/../../../../arm-none-eabi/lib/thumb/v7e-m/fpv4-sp/hard\libc_nano.a(lib_a-sprintf.o) (_svfprintf_r)
c:/st/stm32cubeide_1.4.0/stm32cubeide/plugins/com.st.stm32cube.ide.mcu.externaltools.gnu-tools-for-stm32.7-2018-q2-update.win32_1.4.0.202007081208/tools/bin/../lib/gcc/arm-none-eabi/7.3.1/../../../../arm-none-eabi/lib/thumb/v7e-m/fpv4-sp/hard\libc_nano.a(lib_a-nano-vfprintf_i.o)
                              c:/st/stm32cubeide_1.4.0/stm32cubeide/plugins/com.st.stm32cube.ide.mcu.externaltools.gnu-tools-for-stm32.7-2018-q2-update.win32_1.4.0.202007081208/tools/bin/../lib/gcc/arm-none-eabi/7.3.1/../../../../arm-none-eabi/lib/thumb/v7e-m/fpv4-sp/hard\libc_nano.a(lib_a-nano-svfprintf.o) (_printf_i)
[...]
Memory Configuration

Name             Origin             Length             Attributes
RAM              0x0000000020000000 0x0000000000020000 xrw
FLASH            0x0000000008000000 0x0000000000080000 xr
*default*        0x0000000000000000 0xffffffffffffffff

Linker script and memory map

LOAD c:/st/stm32cubeide_1.4.0/stm32cubeide/plugins/com.st.stm32cube.ide.mcu.externaltools.gnu-tools-for-stm32.7-2018-q2-update.win32_1.4.0.202007081208/tools/bin/../lib/gcc/arm-none-eabi/7.3.1/thumb/v7e-m/fpv4-sp/hard/crti.o
LOAD c:/st/stm32cubeide_1.4.0/stm32cubeide/plugins/com.st.stm32cube.ide.mcu.externaltools.gnu-tools-for-stm32.7-2018-q2-update.win32_1.4.0.202007081208/tools/bin/../lib/gcc/arm-none-eabi/7.3.1/thumb/v7e-m/fpv4-sp/hard/crtbegin.o
LOAD c:/st/stm32cubeide_1.4.0/stm32cubeide/plugins/com.st.stm32cube.ide.mcu.externaltools.gnu-tools-for-stm32.7-2018-q2-update.win32_1.4.0.202007081208/tools/bin/../lib/gcc/arm-none-eabi/7.3.1/../../../../arm-none-eabi/lib/thumb/v7e-m/fpv4-sp/hard/crt0.o
LOAD Core/Src/app_freertos.o
LOAD Core/Src/main.o
LOAD Core/Src/stm32g4xx_hal_msp.o
LOAD Core/Src/stm32g4xx_hal_timebase_tim.o
LOAD Core/Src/stm32g4xx_it.o
LOAD Core/Src/syscalls.o
LOAD Core/Src/sysmem.o
LOAD Core/Src/system_stm32g4xx.o
LOAD Core/Startup/startup_stm32g474retx.o
LOAD Drivers/STM32G4xx_HAL_Driver/Src/stm32g4xx_hal.o
LOAD Drivers/STM32G4xx_HAL_Driver/Src/stm32g4xx_hal_adc.o
LOAD Drivers/STM32G4xx_HAL_Driver/Src/stm32g4xx_hal_adc_ex.o
LOAD Drivers/STM32G4xx_HAL_Driver/Src/stm32g4xx_hal_cortex.o
LOAD Drivers/STM32G4xx_HAL_Driver/Src/stm32g4xx_hal_dac.o
LOAD Drivers/STM32G4xx_HAL_Driver/Src/stm32g4xx_hal_dac_ex.o
LOAD Drivers/STM32G4xx_HAL_Driver/Src/stm32g4xx_hal_dma.o
LOAD Drivers/STM32G4xx_HAL_Driver/Src/stm32g4xx_hal_dma_ex.o
LOAD Drivers/STM32G4xx_HAL_Driver/Src/stm32g4xx_hal_exti.o
LOAD Drivers/STM32G4xx_HAL_Driver/Src/stm32g4xx_hal_flash.o
LOAD Drivers/STM32G4xx_HAL_Driver/Src/stm32g4xx_hal_flash_ex.o
LOAD Drivers/STM32G4xx_HAL_Driver/Src/stm32g4xx_hal_flash_ramfunc.o
LOAD Drivers/STM32G4xx_HAL_Driver/Src/stm32g4xx_hal_gpio.o
LOAD Drivers/STM32G4xx_HAL_Driver/Src/stm32g4xx_hal_pwr.o
LOAD Drivers/STM32G4xx_HAL_Driver/Src/stm32g4xx_hal_pwr_ex.o
LOAD Drivers/STM32G4xx_HAL_Driver/Src/stm32g4xx_hal_rcc.o
LOAD Drivers/STM32G4xx_HAL_Driver/Src/stm32g4xx_hal_rcc_ex.o
LOAD Drivers/STM32G4xx_HAL_Driver/Src/stm32g4xx_hal_tim.o
LOAD Drivers/STM32G4xx_HAL_Driver/Src/stm32g4xx_hal_tim_ex.o
LOAD Drivers/STM32G4xx_HAL_Driver/Src/stm32g4xx_hal_uart.o
LOAD Drivers/STM32G4xx_HAL_Driver/Src/stm32g4xx_hal_uart_ex.o
LOAD Drivers/STM32G4xx_HAL_Driver/Src/stm32g4xx_ll_adc.o
LOAD Middlewares/Third_Party/FreeRTOS/Source/CMSIS_RTOS_V2/cmsis_os2.o
LOAD Middlewares/Third_Party/FreeRTOS/Source/croutine.o
LOAD Middlewares/Third_Party/FreeRTOS/Source/event_groups.o
LOAD Middlewares/Third_Party/FreeRTOS/Source/list.o
LOAD Middlewares/Third_Party/FreeRTOS/Source/queue.o
LOAD Middlewares/Third_Party/FreeRTOS/Source/stream_buffer.o
LOAD Middlewares/Third_Party/FreeRTOS/Source/tasks.o
LOAD Middlewares/Third_Party/FreeRTOS/Source/timers.o
LOAD Middlewares/Third_Party/FreeRTOS/Source/portable/GCC/ARM_CM4F/port.o
LOAD Middlewares/Third_Party/FreeRTOS/Source/portable/MemMang/heap_4.o
START GROUP
LOAD c:/st/stm32cubeide_1.4.0/stm32cubeide/plugins/com.st.stm32cube.ide.mcu.externaltools.gnu-tools-for-stm32.7-2018-q2-update.win32_1.4.0.202007081208/tools/bin/../lib/gcc/arm-none-eabi/7.3.1/../../../../arm-none-eabi/lib/thumb/v7e-m/fpv4-sp/hard\libc_nano.a
LOAD c:/st/stm32cubeide_1.4.0/stm32cubeide/plugins/com.st.stm32cube.ide.mcu.externaltools.gnu-tools-for-stm32.7-2018-q2-update.win32_1.4.0.202007081208/tools/bin/../lib/gcc/arm-none-eabi/7.3.1/../../../../arm-none-eabi/lib/thumb/v7e-m/fpv4-sp/hard\libm.a
END GROUP
START GROUP
LOAD c:/st/stm32cubeide_1.4.0/stm32cubeide/plugins/com.st.stm32cube.ide.mcu.externaltools.gnu-tools-for-stm32.7-2018-q2-update.win32_1.4.0.202007081208/tools/bin/../lib/gcc/arm-none-eabi/7.3.1/thumb/v7e-m/fpv4-sp/hard\libgcc.a
LOAD c:/st/stm32cubeide_1.4.0/stm32cubeide/plugins/com.st.stm32cube.ide.mcu.externaltools.gnu-tools-for-stm32.7-2018-q2-update.win32_1.4.0.202007081208/tools/bin/../lib/gcc/arm-none-eabi/7.3.1/../../../../arm-none-eabi/lib/thumb/v7e-m/fpv4-sp/hard\libc_nano.a
END GROUP
START GROUP
LOAD c:/st/stm32cubeide_1.4.0/stm32cubeide/plugins/com.st.stm32cube.ide.mcu.externaltools.gnu-tools-for-stm32.7-2018-q2-update.win32_1.4.0.202007081208/tools/bin/../lib/gcc/arm-none-eabi/7.3.1/thumb/v7e-m/fpv4-sp/hard\libgcc.a
LOAD c:/st/stm32cubeide_1.4.0/stm32cubeide/plugins/com.st.stm32cube.ide.mcu.externaltools.gnu-tools-for-stm32.7-2018-q2-update.win32_1.4.0.202007081208/tools/bin/../lib/gcc/arm-none-eabi/7.3.1/../../../../arm-none-eabi/lib/thumb/v7e-m/fpv4-sp/hard\libc_nano.a
LOAD c:/st/stm32cubeide_1.4.0/stm32cubeide/plugins/com.st.stm32cube.ide.mcu.externaltools.gnu-tools-for-stm32.7-2018-q2-update.win32_1.4.0.202007081208/tools/bin/../lib/gcc/arm-none-eabi/7.3.1/../../../../arm-none-eabi/lib/thumb/v7e-m/fpv4-sp/hard\libnosys.a
END GROUP
START GROUP
LOAD c:/st/stm32cubeide_1.4.0/stm32cubeide/plugins/com.st.stm32cube.ide.mcu.externaltools.gnu-tools-for-stm32.7-2018-q2-update.win32_1.4.0.202007081208/tools/bin/../lib/gcc/arm-none-eabi/7.3.1/thumb/v7e-m/fpv4-sp/hard\libgcc.a
LOAD c:/st/stm32cubeide_1.4.0/stm32cubeide/plugins/com.st.stm32cube.ide.mcu.externaltools.gnu-tools-for-stm32.7-2018-q2-update.win32_1.4.0.202007081208/tools/bin/../lib/gcc/arm-none-eabi/7.3.1/../../../../arm-none-eabi/lib/thumb/v7e-m/fpv4-sp/hard\libc_nano.a
LOAD c:/st/stm32cubeide_1.4.0/stm32cubeide/plugins/com.st.stm32cube.ide.mcu.externaltools.gnu-tools-for-stm32.7-2018-q2-update.win32_1.4.0.202007081208/tools/bin/../lib/gcc/arm-none-eabi/7.3.1/../../../../arm-none-eabi/lib/thumb/v7e-m/fpv4-sp/hard\libnosys.a
END GROUP
LOAD c:/st/stm32cubeide_1.4.0/stm32cubeide/plugins/com.st.stm32cube.ide.mcu.externaltools.gnu-tools-for-stm32.7-2018-q2-update.win32_1.4.0.202007081208/tools/bin/../lib/gcc/arm-none-eabi/7.3.1/thumb/v7e-m/fpv4-sp/hard/crtend.o
LOAD c:/st/stm32cubeide_1.4.0/stm32cubeide/plugins/com.st.stm32cube.ide.mcu.externaltools.gnu-tools-for-stm32.7-2018-q2-update.win32_1.4.0.202007081208/tools/bin/../lib/gcc/arm-none-eabi/7.3.1/thumb/v7e-m/fpv4-sp/hard/crtn.o
                0x0000000020020000                _estack = (ORIGIN (RAM) + LENGTH (RAM))
                0x0000000000000200                _Min_Heap_Size = 0x200
                0x0000000000000400                _Min_Stack_Size = 0x400

.isr_vector     0x0000000008000000      0x1d8
                0x0000000008000000                . = ALIGN (0x4)
 *(.isr_vector)
 .isr_vector    0x0000000008000000      0x1d8 Core/Startup/startup_stm32g474retx.o
                0x0000000008000000                g_pfnVectors
                0x00000000080001d8                . = ALIGN (0x4)

.text           0x00000000080001e0     0xa5e8
                0x00000000080001e0                . = ALIGN (0x4)
 *(.text)
 .text          0x00000000080001e0       0x40 c:/st/stm32cubeide_1.4.0/stm32cubeide/plugins/com.st.stm32cube.ide.mcu.externaltools.gnu-tools-for-stm32.7-2018-q2-update.win32_1.4.0.202007081208/tools/bin/../lib/gcc/arm-none-eabi/7.3.1/thumb/v7e-m/fpv4-sp/hard/crtbegin.o
 .text          0x0000000008000220       0x10 c:/st/stm32cubeide_1.4.0/stm32cubeide/plugins/com.st.stm32cube.ide.mcu.externaltools.gnu-tools-for-stm32.7-2018-q2-update.win32_1.4.0.202007081208/tools/bin/../lib/gcc/arm-none-eabi/7.3.1/../../../../arm-none-eabi/lib/thumb/v7e-m/fpv4-sp/hard\libc_nano.a(lib_a-strlen.o)
                0x0000000008000220                strlen
 .text          0x0000000008000230       0xa0 c:/st/stm32cubeide_1.4.0/stm32cubeide/plugins/com.st.stm32cube.ide.mcu.externaltools.gnu-tools-for-stm32.7-2018-q2-update.win32_1.4.0.202007081208/tools/bin/../lib/gcc/arm-none-eabi/7.3.1/../../../../arm-none-eabi/lib/thumb/v7e-m/fpv4-sp/hard\libc_nano.a(lib_a-memchr.o)
                0x0000000008000230                memchr
 .text          0x00000000080002d0      0x378 c:/st/stm32cubeide_1.4.0/stm32cubeide/plugins/com.st.stm32cube.ide.mcu.externaltools.gnu-tools-for-stm32.7-2018-q2-update.win32_1.4.0.202007081208/tools/bin/../lib/gcc/arm-none-eabi/7.3.1/thumb/v7e-m/fpv4-sp/hard\libgcc.a(_arm_addsubdf3.o)
                0x00000000080002d0                __aeabi_drsub
                0x00000000080002d8                __aeabi_dsub
                0x00000000080002d8                __subdf3
                0x00000000080002dc                __aeabi_dadd
                0x00000000080002dc                __adddf3
                0x0000000008000554                __floatunsidf
                0x0000000008000554                __aeabi_ui2d
                0x0000000008000574                __floatsidf
                0x0000000008000574                __aeabi_i2d
                0x0000000008000598                __aeabi_f2d
                0x0000000008000598                __extendsfdf2
                0x00000000080005dc                __floatundidf
                0x00000000080005dc                __aeabi_ul2d
                0x00000000080005ec                __floatdidf
                0x00000000080005ec                __aeabi_l2d
 .text          0x0000000008000648      0x424 c:/st/stm32cubeide_1.4.0/stm32cubeide/plugins/com.st.stm32cube.ide.mcu.externaltools.gnu-tools-for-stm32.7-2018-q2-update.win32_1.4.0.202007081208/tools/bin/../lib/gcc/arm-none-eabi/7.3.1/thumb/v7e-m/fpv4-sp/hard\libgcc.a(_arm_muldivdf3.o)
                0x0000000008000648                __aeabi_dmul
                0x0000000008000648                __muldf3
                0x000000000800089c                __divdf3
                0x000000000800089c                __aeabi_ddiv
 .text          0x0000000008000a6c       0xa0 c:/st/stm32cubeide_1.4.0/stm32cubeide/plugins/com.st.stm32cube.ide.mcu.externaltools.gnu-tools-for-stm32.7-2018-q2-update.win32_1.4.0.202007081208/tools/bin/../lib/gcc/arm-none-eabi/7.3.1/thumb/v7e-m/fpv4-sp/hard\libgcc.a(_arm_truncdfsf2.o)
                0x0000000008000a6c                __truncdfsf2
                0x0000000008000a6c                __aeabi_d2f
 .text          0x0000000008000b0c       0x30 c:/st/stm32cubeide_1.4.0/stm32cubeide/plugins/com.st.stm32cube.ide.mcu.externaltools.gnu-tools-for-stm32.7-2018-q2-update.win32_1.4.0.202007081208/tools/bin/../lib/gcc/arm-none-eabi/7.3.1/thumb/v7e-m/fpv4-sp/hard\libgcc.a(_aeabi_uldivmod.o)
                0x0000000008000b0c                __aeabi_uldivmod
 .text          0x0000000008000b3c      0x2cc c:/st/stm32cubeide_1.4.0/stm32cubeide/plugins/com.st.stm32cube.ide.mcu.externaltools.gnu-tools-for-stm32.7-2018-q2-update.win32_1.4.0.202007081208/tools/bin/../lib/gcc/arm-none-eabi/7.3.1/thumb/v7e-m/fpv4-sp/hard\libgcc.a(_udivmoddi4.o)
                0x0000000008000b3c                __udivmoddi4
 .text          0x0000000008000e08        0x4 c:/st/stm32cubeide_1.4.0/stm32cubeide/plugins/com.st.stm32cube.ide.mcu.externaltools.gnu-tools-for-stm32.7-2018-q2-update.win32_1.4.0.202007081208/tools/bin/../lib/gcc/arm-none-eabi/7.3.1/thumb/v7e-m/fpv4-sp/hard\libgcc.a(_dvmd_tls.o)
                0x0000000008000e08                __aeabi_idiv0
                0x0000000008000e08                __aeabi_ldiv0
 *(.text*)
 .text.main     0x0000000008000e0c       0xe8 Core/Src/main.o
                0x0000000008000e0c                main
 .text.SystemClock_Config
                0x0000000008000ef4       0xd6 Core/Src/main.o
                0x0000000008000ef4                SystemClock_Config
 *fill*         0x0000000008000fca        0x2 
 .text.MX_ADC1_Init
                0x0000000008000fcc       0xf0 Core/Src/main.o
 .text.MX_DAC1_Init
                0x00000000080010bc       0x74 Core/Src/main.o
 .text.MX_LPUART1_UART_Init
                0x0000000008001130       0x90 Core/Src/main.o
 .text.MX_TIM16_Init
                0x00000000080011c0       0x50 Core/Src/main.o
 .text.MX_TIM17_Init
                0x0000000008001210       0x4c Core/Src/main.o
 .text.MX_GPIO_Init
                0x000000000800125c      0x108 Core/Src/main.o
 .text.HAL_GPIO_EXTI_Callback
                0x0000000008001364       0x88 Core/Src/main.o
                0x0000000008001364                HAL_GPIO_EXTI_Callback
 .text.startCalculoComprimentoOndaBragg
                0x00000000080013ec       0xf4 Core/Src/main.o
                0x00000000080013ec                startCalculoComprimentoOndaBragg
 .text.startCaracterizacaoDoEspectro
                0x00000000080014e0      0x294 Core/Src/main.o
                0x00000000080014e0                startCaracterizacaoDoEspectro
 .text.startTransmissaoDeDadosPC
                0x0000000008001774      0x1e4 Core/Src/main.o
                0x0000000008001774                startTransmissaoDeDadosPC
 .text.HAL_TIM_PeriodElapsedCallback
                0x0000000008001958      0x224 Core/Src/main.o
                0x0000000008001958                HAL_TIM_PeriodElapsedCallback
 .text.Error_Handler
                0x0000000008001b7c        0xe Core/Src/main.o
                0x0000000008001b7c                Error_Handler
 *fill*         0x0000000008001b8a        0x2 
 .text.HAL_MspInit
                0x0000000008001b8c       0x48 Core/Src/stm32g4xx_hal_msp.o
                0x0000000008001b8c                HAL_MspInit
 .text.HAL_ADC_MspInit
                0x0000000008001bd4       0x78 Core/Src/stm32g4xx_hal_msp.o
                0x0000000008001bd4                HAL_ADC_MspInit
 .text.HAL_DAC_MspInit
                0x0000000008001c4c       0x7c Core/Src/stm32g4xx_hal_msp.o
                0x0000000008001c4c                HAL_DAC_MspInit
 .text.HAL_UART_MspInit
                0x0000000008001cc8       0x84 Core/Src/stm32g4xx_hal_msp.o
                0x0000000008001cc8                HAL_UART_MspInit
 .text.HAL_TIM_Base_MspInit
                0x0000000008001d4c       0x74 Core/Src/stm32g4xx_hal_msp.o
                0x0000000008001d4c                HAL_TIM_Base_MspInit
 .text.HAL_InitTick
                0x0000000008001dc0       0xe0 Core/Src/stm32g4xx_hal_timebase_tim.o
                0x0000000008001dc0                HAL_InitTick
 .text.NMI_Handler
                0x0000000008001ea0        0xe Core/Src/stm32g4xx_it.o
                0x0000000008001ea0                NMI_Handler
 .text.HardFault_Handler
                0x0000000008001eae        0x6 Core/Src/stm32g4xx_it.o
                0x0000000008001eae                HardFault_Handler
 .text.MemManage_Handler
                0x0000000008001eb4        0x6 Core/Src/stm32g4xx_it.o
                0x0000000008001eb4                MemManage_Handler
 .text.BusFault_Handler
                0x0000000008001eba        0x6 Core/Src/stm32g4xx_it.o
                0x0000000008001eba                BusFault_Handler
 .text.UsageFault_Handler
                0x0000000008001ec0        0x6 Core/Src/stm32g4xx_it.o
                0x0000000008001ec0                UsageFault_Handler
 .text.DebugMon_Handler
                0x0000000008001ec6        0xe Core/Src/stm32g4xx_it.o
                0x0000000008001ec6                DebugMon_Handler
 .text.TIM1_UP_TIM16_IRQHandler
                0x0000000008001ed4       0x14 Core/Src/stm32g4xx_it.o
                0x0000000008001ed4                TIM1_UP_TIM16_IRQHandler
 .text.EXTI15_10_IRQHandler
                0x0000000008001ee8       0x18 Core/Src/stm32g4xx_it.o
                0x0000000008001ee8                EXTI15_10_IRQHandler
 .text.TIM7_DAC_IRQHandler
                0x0000000008001f00       0x14 Core/Src/stm32g4xx_it.o
                0x0000000008001f00                TIM7_DAC_IRQHandler
 .text._sbrk    0x0000000008001f14       0x6c Core/Src/sysmem.o
                0x0000000008001f14                _sbrk
 .text.SystemInit
                0x0000000008001f80       0x2c Core/Src/system_stm32g4xx.o
                0x0000000008001f80                SystemInit
 .text.Reset_Handler
                0x0000000008001fac       0x50 Core/Startup/startup_stm32g474retx.o
                0x0000000008001fac                Reset_Handler
 .text.Default_Handler
                0x0000000008001ffc        0x2 Core/Startup/startup_stm32g474retx.o
                0x0000000008001ffc                RTC_Alarm_IRQHandler
                0x0000000008001ffc                EXTI2_IRQHandler
                0x0000000008001ffc                TIM8_TRG_COM_IRQHandler
                0x0000000008001ffc                TIM8_CC_IRQHandler
                0x0000000008001ffc                HRTIM1_Master_IRQHandler
                0x0000000008001ffc                SPI4_IRQHandler
                0x0000000008001ffc                FDCAN3_IT0_IRQHandler
                0x0000000008001ffc                TIM1_CC_IRQHandler
                0x0000000008001ffc                HRTIM1_FLT_IRQHandler
                0x0000000008001ffc                HRTIM1_TIMF_IRQHandler
                0x0000000008001ffc                USB_HP_IRQHandler
                0x0000000008001ffc                CORDIC_IRQHandler
                0x0000000008001ffc                HRTIM1_TIMD_IRQHandler
                0x0000000008001ffc                DMA2_Channel8_IRQHandler
                0x0000000008001ffc                EXTI3_IRQHandler
                0x0000000008001ffc                I2C3_ER_IRQHandler
                0x0000000008001ffc                EXTI0_IRQHandler
                0x0000000008001ffc                I2C2_EV_IRQHandler
                0x0000000008001ffc                FPU_IRQHandler
                0x0000000008001ffc                FDCAN1_IT1_IRQHandler
                0x0000000008001ffc                ADC1_2_IRQHandler
                0x0000000008001ffc                HRTIM1_TIME_IRQHandler
                0x0000000008001ffc                SPI1_IRQHandler
                0x0000000008001ffc                TIM6_DAC_IRQHandler
                0x0000000008001ffc                HRTIM1_TIMC_IRQHandler
                0x0000000008001ffc                TIM8_UP_IRQHandler
                0x0000000008001ffc                DMA2_Channel2_IRQHandler
                0x0000000008001ffc                DMA1_Channel4_IRQHandler
                0x0000000008001ffc                TIM20_TRG_COM_IRQHandler
                0x0000000008001ffc                USART3_IRQHandler
                0x0000000008001ffc                DMA1_Channel7_IRQHandler
                0x0000000008001ffc                UART5_IRQHandler
                0x0000000008001ffc                ADC3_IRQHandler
                0x0000000008001ffc                TIM4_IRQHandler
                0x0000000008001ffc                DMA2_Channel1_IRQHandler
                0x0000000008001ffc                QUADSPI_IRQHandler
                0x0000000008001ffc                I2C1_EV_IRQHandler
                0x0000000008001ffc                DMA1_Channel6_IRQHandler
                0x0000000008001ffc                UART4_IRQHandler
                0x0000000008001ffc                DMA2_Channel4_IRQHandler
                0x0000000008001ffc                TIM3_IRQHandler
                0x0000000008001ffc                RCC_IRQHandler
                0x0000000008001ffc                TIM20_UP_IRQHandler
                0x0000000008001ffc                DMA1_Channel1_IRQHandler
                0x0000000008001ffc                Default_Handler
                0x0000000008001ffc                DMA2_Channel7_IRQHandler
                0x0000000008001ffc                RTC_TAMP_LSECSS_IRQHandler
                0x0000000008001ffc                FMAC_IRQHandler
                0x0000000008001ffc                DMA1_Channel8_IRQHandler
                0x0000000008001ffc                HRTIM1_TIMA_IRQHandler
                0x0000000008001ffc                FDCAN3_IT1_IRQHandler
                0x0000000008001ffc                TIM5_IRQHandler
                0x0000000008001ffc                UCPD1_IRQHandler
                0x0000000008001ffc                I2C3_EV_IRQHandler
                0x0000000008001ffc                EXTI9_5_IRQHandler
                0x0000000008001ffc                RTC_WKUP_IRQHandler
                0x0000000008001ffc                PVD_PVM_IRQHandler
                0x0000000008001ffc                SPI2_IRQHandler
                0x0000000008001ffc                ADC5_IRQHandler
                0x0000000008001ffc                DMA2_Channel5_IRQHandler
                0x0000000008001ffc                CRS_IRQHandler
                0x0000000008001ffc                DMA1_Channel5_IRQHandler
                0x0000000008001ffc                USB_LP_IRQHandler
                0x0000000008001ffc                EXTI4_IRQHandler
                0x0000000008001ffc                RNG_IRQHandler
                0x0000000008001ffc                HRTIM1_TIMB_IRQHandler
                0x0000000008001ffc                TIM1_TRG_COM_TIM17_IRQHandler
                0x0000000008001ffc                FDCAN2_IT1_IRQHandler
                0x0000000008001ffc                DMA1_Channel3_IRQHandler
                0x0000000008001ffc                ADC4_IRQHandler
                0x0000000008001ffc                WWDG_IRQHandler
                0x0000000008001ffc                I2C4_EV_IRQHandler
                0x0000000008001ffc                FDCAN2_IT0_IRQHandler
                0x0000000008001ffc                LPUART1_IRQHandler
                0x0000000008001ffc                DMA2_Channel6_IRQHandler
                0x0000000008001ffc                FDCAN1_IT0_IRQHandler
                0x0000000008001ffc                TIM2_IRQHandler
                0x0000000008001ffc                COMP7_IRQHandler
                0x0000000008001ffc                COMP1_2_3_IRQHandler
                0x0000000008001ffc                EXTI1_IRQHandler
                0x0000000008001ffc                USART2_IRQHandler
                0x0000000008001ffc                COMP4_5_6_IRQHandler
                0x0000000008001ffc                TIM20_BRK_IRQHandler
                0x0000000008001ffc                I2C2_ER_IRQHandler
                0x0000000008001ffc                DMA1_Channel2_IRQHandler
                0x0000000008001ffc                TIM8_BRK_IRQHandler
                0x0000000008001ffc                FLASH_IRQHandler
                0x0000000008001ffc                TIM20_CC_IRQHandler
                0x0000000008001ffc                USART1_IRQHandler
                0x0000000008001ffc                SPI3_IRQHandler
                0x0000000008001ffc                I2C1_ER_IRQHandler
                0x0000000008001ffc                FMC_IRQHandler
                0x0000000008001ffc                LPTIM1_IRQHandler
                0x0000000008001ffc                DMAMUX_OVR_IRQHandler
                0x0000000008001ffc                I2C4_ER_IRQHandler
                0x0000000008001ffc                USBWakeUp_IRQHandler
                0x0000000008001ffc                SAI1_IRQHandler
                0x0000000008001ffc                DMA2_Channel3_IRQHandler
                0x0000000008001ffc                TIM1_BRK_TIM15_IRQHandler
 .text.HAL_Init
                0x0000000008001ffe       0x30 Drivers/STM32G4xx_HAL_Driver/Src/stm32g4xx_hal.o
                0x0000000008001ffe                HAL_Init
 *fill*         0x000000000800202e        0x2 
 .text.HAL_IncTick
                0x0000000008002030       0x24 Drivers/STM32G4xx_HAL_Driver/Src/stm32g4xx_hal.o
                0x0000000008002030                HAL_IncTick
 .text.HAL_GetTick
                0x0000000008002054       0x18 Drivers/STM32G4xx_HAL_Driver/Src/stm32g4xx_hal.o
                0x0000000008002054                HAL_GetTick
 .text.HAL_Delay
                0x000000000800206c       0x44 Drivers/STM32G4xx_HAL_Driver/Src/stm32g4xx_hal.o
                0x000000000800206c                HAL_Delay
 .text.LL_ADC_SetCommonClock
                0x00000000080020b0       0x26 Drivers/STM32G4xx_HAL_Driver/Src/stm32g4xx_hal_adc.o
 .text.LL_ADC_SetCommonPathInternalCh
                0x00000000080020d6       0x26 Drivers/STM32G4xx_HAL_Driver/Src/stm32g4xx_hal_adc.o
 .text.LL_ADC_GetCommonPathInternalCh
                0x00000000080020fc       0x1c Drivers/STM32G4xx_HAL_Driver/Src/stm32g4xx_hal_adc.o
 .text.LL_ADC_SetOffset
                0x0000000008002118       0x48 Drivers/STM32G4xx_HAL_Driver/Src/stm32g4xx_hal_adc.o
 .text.LL_ADC_GetOffsetChannel
                0x0000000008002160       0x2c Drivers/STM32G4xx_HAL_Driver/Src/stm32g4xx_hal_adc.o
 .text.LL_ADC_SetOffsetState
                0x000000000800218c       0x36 Drivers/STM32G4xx_HAL_Driver/Src/stm32g4xx_hal_adc.o
 .text.LL_ADC_SetOffsetSign
                0x00000000080021c2       0x36 Drivers/STM32G4xx_HAL_Driver/Src/stm32g4xx_hal_adc.o
 .text.LL_ADC_SetOffsetSaturation
                0x00000000080021f8       0x36 Drivers/STM32G4xx_HAL_Driver/Src/stm32g4xx_hal_adc.o
 .text.LL_ADC_SetSamplingTimeCommonConfig
                0x000000000800222e       0x26 Drivers/STM32G4xx_HAL_Driver/Src/stm32g4xx_hal_adc.o
 .text.LL_ADC_REG_IsTriggerSourceSWStart
                0x0000000008002254       0x26 Drivers/STM32G4xx_HAL_Driver/Src/stm32g4xx_hal_adc.o
 .text.LL_ADC_REG_SetSequencerRanks
                0x000000000800227a       0x58 Drivers/STM32G4xx_HAL_Driver/Src/stm32g4xx_hal_adc.o
 .text.LL_ADC_SetChannelSamplingTime
                0x00000000080022d2       0x56 Drivers/STM32G4xx_HAL_Driver/Src/stm32g4xx_hal_adc.o
 .text.LL_ADC_SetChannelSingleDiff
                0x0000000008002328       0x48 Drivers/STM32G4xx_HAL_Driver/Src/stm32g4xx_hal_adc.o
 .text.LL_ADC_GetMultimode
                0x0000000008002370       0x1c Drivers/STM32G4xx_HAL_Driver/Src/stm32g4xx_hal_adc.o
 .text.LL_ADC_GetMultiDMATransfer
                0x000000000800238c       0x1c Drivers/STM32G4xx_HAL_Driver/Src/stm32g4xx_hal_adc.o
 .text.LL_ADC_DisableDeepPowerDown
                0x00000000080023a8       0x24 Drivers/STM32G4xx_HAL_Driver/Src/stm32g4xx_hal_adc.o
 .text.LL_ADC_IsDeepPowerDownEnabled
                0x00000000080023cc       0x28 Drivers/STM32G4xx_HAL_Driver/Src/stm32g4xx_hal_adc.o
 .text.LL_ADC_EnableInternalRegulator
                0x00000000080023f4       0x28 Drivers/STM32G4xx_HAL_Driver/Src/stm32g4xx_hal_adc.o
 .text.LL_ADC_IsInternalRegulatorEnabled
                0x000000000800241c       0x28 Drivers/STM32G4xx_HAL_Driver/Src/stm32g4xx_hal_adc.o
 .text.LL_ADC_Enable
                0x0000000008002444       0x28 Drivers/STM32G4xx_HAL_Driver/Src/stm32g4xx_hal_adc.o
 .text.LL_ADC_IsEnabled
                0x000000000800246c       0x26 Drivers/STM32G4xx_HAL_Driver/Src/stm32g4xx_hal_adc.o
 .text.LL_ADC_REG_StartConversion
                0x0000000008002492       0x28 Drivers/STM32G4xx_HAL_Driver/Src/stm32g4xx_hal_adc.o
 .text.LL_ADC_REG_IsConversionOngoing
                0x00000000080024ba       0x26 Drivers/STM32G4xx_HAL_Driver/Src/stm32g4xx_hal_adc.o
 .text.LL_ADC_INJ_IsConversionOngoing
                0x00000000080024e0       0x26 Drivers/STM32G4xx_HAL_Driver/Src/stm32g4xx_hal_adc.o
 *fill*         0x0000000008002506        0x2 
 .text.HAL_ADC_Init
                0x0000000008002508      0x380 Drivers/STM32G4xx_HAL_Driver/Src/stm32g4xx_hal_adc.o
                0x0000000008002508                HAL_ADC_Init
 .text.HAL_ADC_Start
                0x0000000008002888      0x1c8 Drivers/STM32G4xx_HAL_Driver/Src/stm32g4xx_hal_adc.o
                0x0000000008002888                HAL_ADC_Start
 .text.HAL_ADC_PollForConversion
                0x0000000008002a50      0x1fc Drivers/STM32G4xx_HAL_Driver/Src/stm32g4xx_hal_adc.o
                0x0000000008002a50                HAL_ADC_PollForConversion
 .text.HAL_ADC_GetValue
                0x0000000008002c4c       0x1a Drivers/STM32G4xx_HAL_Driver/Src/stm32g4xx_hal_adc.o
                0x0000000008002c4c                HAL_ADC_GetValue
 *fill*         0x0000000008002c66        0x2 
 .text.HAL_ADC_ConfigChannel
                0x0000000008002c68      0x87c Drivers/STM32G4xx_HAL_Driver/Src/stm32g4xx_hal_adc.o
                0x0000000008002c68                HAL_ADC_ConfigChannel
 .text.ADC_Enable
                0x00000000080034e4       0xb4 Drivers/STM32G4xx_HAL_Driver/Src/stm32g4xx_hal_adc.o
                0x00000000080034e4                ADC_Enable
 .text.LL_ADC_IsEnabled
                0x0000000008003598       0x26 Drivers/STM32G4xx_HAL_Driver/Src/stm32g4xx_hal_adc_ex.o
 .text.LL_ADC_REG_IsConversionOngoing
                0x00000000080035be       0x26 Drivers/STM32G4xx_HAL_Driver/Src/stm32g4xx_hal_adc_ex.o
 .text.HAL_ADCEx_MultiModeConfigChannel
                0x00000000080035e4      0x208 Drivers/STM32G4xx_HAL_Driver/Src/stm32g4xx_hal_adc_ex.o
                0x00000000080035e4                HAL_ADCEx_MultiModeConfigChannel
 .text.__NVIC_SetPriorityGrouping
                0x00000000080037ec       0x48 Drivers/STM32G4xx_HAL_Driver/Src/stm32g4xx_hal_cortex.o
 .text.__NVIC_GetPriorityGrouping
                0x0000000008003834       0x1c Drivers/STM32G4xx_HAL_Driver/Src/stm32g4xx_hal_cortex.o
 .text.__NVIC_EnableIRQ
                0x0000000008003850       0x3c Drivers/STM32G4xx_HAL_Driver/Src/stm32g4xx_hal_cortex.o
 .text.__NVIC_SetPriority
                0x000000000800388c       0x54 Drivers/STM32G4xx_HAL_Driver/Src/stm32g4xx_hal_cortex.o
 .text.NVIC_EncodePriority
                0x00000000080038e0       0x66 Drivers/STM32G4xx_HAL_Driver/Src/stm32g4xx_hal_cortex.o
 .text.HAL_NVIC_SetPriorityGrouping
                0x0000000008003946       0x16 Drivers/STM32G4xx_HAL_Driver/Src/stm32g4xx_hal_cortex.o
                0x0000000008003946                HAL_NVIC_SetPriorityGrouping
 .text.HAL_NVIC_SetPriority
                0x000000000800395c       0x34 Drivers/STM32G4xx_HAL_Driver/Src/stm32g4xx_hal_cortex.o
                0x000000000800395c                HAL_NVIC_SetPriority
 .text.HAL_NVIC_EnableIRQ
                0x0000000008003990       0x1c Drivers/STM32G4xx_HAL_Driver/Src/stm32g4xx_hal_cortex.o
                0x0000000008003990                HAL_NVIC_EnableIRQ
 .text.HAL_DAC_Init
                0x00000000080039ac       0x44 Drivers/STM32G4xx_HAL_Driver/Src/stm32g4xx_hal_dac.o
                0x00000000080039ac                HAL_DAC_Init
 .text.HAL_DAC_Start
                0x00000000080039f0       0xa6 Drivers/STM32G4xx_HAL_Driver/Src/stm32g4xx_hal_dac.o
                0x00000000080039f0                HAL_DAC_Start
 .text.HAL_DAC_SetValue
                0x0000000008003a96       0x50 Drivers/STM32G4xx_HAL_Driver/Src/stm32g4xx_hal_dac.o
                0x0000000008003a96                HAL_DAC_SetValue
 *fill*         0x0000000008003ae6        0x2 
 .text.HAL_DAC_ConfigChannel
                0x0000000008003ae8      0x358 Drivers/STM32G4xx_HAL_Driver/Src/stm32g4xx_hal_dac.o
                0x0000000008003ae8                HAL_DAC_ConfigChannel
 .text.HAL_GPIO_Init
                0x0000000008003e40      0x304 Drivers/STM32G4xx_HAL_Driver/Src/stm32g4xx_hal_gpio.o
                0x0000000008003e40                HAL_GPIO_Init
 .text.HAL_GPIO_WritePin
                0x0000000008004144       0x30 Drivers/STM32G4xx_HAL_Driver/Src/stm32g4xx_hal_gpio.o
                0x0000000008004144                HAL_GPIO_WritePin
 .text.HAL_GPIO_TogglePin
                0x0000000008004174       0x34 Drivers/STM32G4xx_HAL_Driver/Src/stm32g4xx_hal_gpio.o
                0x0000000008004174                HAL_GPIO_TogglePin
 .text.HAL_GPIO_EXTI_IRQHandler
                0x00000000080041a8       0x30 Drivers/STM32G4xx_HAL_Driver/Src/stm32g4xx_hal_gpio.o
                0x00000000080041a8                HAL_GPIO_EXTI_IRQHandler
 .text.HAL_PWREx_ControlVoltageScaling
                0x00000000080041d8      0x148 Drivers/STM32G4xx_HAL_Driver/Src/stm32g4xx_hal_pwr_ex.o
                0x00000000080041d8                HAL_PWREx_ControlVoltageScaling
 .text.HAL_PWREx_DisableUCPDDeadBattery
                0x0000000008004320       0x20 Drivers/STM32G4xx_HAL_Driver/Src/stm32g4xx_hal_pwr_ex.o
                0x0000000008004320                HAL_PWREx_DisableUCPDDeadBattery
 .text.HAL_RCC_OscConfig
                0x0000000008004340      0x630 Drivers/STM32G4xx_HAL_Driver/Src/stm32g4xx_hal_rcc.o
                0x0000000008004340                HAL_RCC_OscConfig
 .text.HAL_RCC_ClockConfig
                0x0000000008004970      0x278 Drivers/STM32G4xx_HAL_Driver/Src/stm32g4xx_hal_rcc.o
                0x0000000008004970                HAL_RCC_ClockConfig
 .text.HAL_RCC_GetSysClockFreq
                0x0000000008004be8       0xc4 Drivers/STM32G4xx_HAL_Driver/Src/stm32g4xx_hal_rcc.o
                0x0000000008004be8                HAL_RCC_GetSysClockFreq
 .text.HAL_RCC_GetHCLKFreq
                0x0000000008004cac       0x18 Drivers/STM32G4xx_HAL_Driver/Src/stm32g4xx_hal_rcc.o
                0x0000000008004cac                HAL_RCC_GetHCLKFreq
 .text.HAL_RCC_GetPCLK1Freq
                0x0000000008004cc4       0x2c Drivers/STM32G4xx_HAL_Driver/Src/stm32g4xx_hal_rcc.o
                0x0000000008004cc4                HAL_RCC_GetPCLK1Freq
 .text.HAL_RCC_GetPCLK2Freq
                0x0000000008004cf0       0x2c Drivers/STM32G4xx_HAL_Driver/Src/stm32g4xx_hal_rcc.o
                0x0000000008004cf0                HAL_RCC_GetPCLK2Freq
 .text.HAL_RCC_GetClockConfig
                0x0000000008004d1c       0x64 Drivers/STM32G4xx_HAL_Driver/Src/stm32g4xx_hal_rcc.o
                0x0000000008004d1c                HAL_RCC_GetClockConfig
 .text.RCC_GetSysClockFreqFromPLLSource
                0x0000000008004d80       0x8c Drivers/STM32G4xx_HAL_Driver/Src/stm32g4xx_hal_rcc.o
 .text.HAL_RCCEx_PeriphCLKConfig
                0x0000000008004e0c      0x498 Drivers/STM32G4xx_HAL_Driver/Src/stm32g4xx_hal_rcc_ex.o
                0x0000000008004e0c                HAL_RCCEx_PeriphCLKConfig
 .text.HAL_TIM_Base_Init
                0x00000000080052a4       0xae Drivers/STM32G4xx_HAL_Driver/Src/stm32g4xx_hal_tim.o
                0x00000000080052a4                HAL_TIM_Base_Init
 *fill*         0x0000000008005352        0x2 
 .text.HAL_TIM_Base_Start
                0x0000000008005354       0xe0 Drivers/STM32G4xx_HAL_Driver/Src/stm32g4xx_hal_tim.o
                0x0000000008005354                HAL_TIM_Base_Start
 .text.HAL_TIM_Base_Start_IT
                0x0000000008005434       0xf0 Drivers/STM32G4xx_HAL_Driver/Src/stm32g4xx_hal_tim.o
                0x0000000008005434                HAL_TIM_Base_Start_IT
 .text.HAL_TIM_IRQHandler
                0x0000000008005524      0x2fe Drivers/STM32G4xx_HAL_Driver/Src/stm32g4xx_hal_tim.o
                0x0000000008005524                HAL_TIM_IRQHandler
 .text.HAL_TIM_OC_DelayElapsedCallback
                0x0000000008005822       0x14 Drivers/STM32G4xx_HAL_Driver/Src/stm32g4xx_hal_tim.o
                0x0000000008005822                HAL_TIM_OC_DelayElapsedCallback
 .text.HAL_TIM_IC_CaptureCallback
                0x0000000008005836       0x14 Drivers/STM32G4xx_HAL_Driver/Src/stm32g4xx_hal_tim.o
                0x0000000008005836                HAL_TIM_IC_CaptureCallback
 .text.HAL_TIM_PWM_PulseFinishedCallback
                0x000000000800584a       0x14 Drivers/STM32G4xx_HAL_Driver/Src/stm32g4xx_hal_tim.o
                0x000000000800584a                HAL_TIM_PWM_PulseFinishedCallback
 .text.HAL_TIM_TriggerCallback
                0x000000000800585e       0x14 Drivers/STM32G4xx_HAL_Driver/Src/stm32g4xx_hal_tim.o
                0x000000000800585e                HAL_TIM_TriggerCallback
 *fill*         0x0000000008005872        0x2 
 .text.TIM_Base_SetConfig
                0x0000000008005874      0x150 Drivers/STM32G4xx_HAL_Driver/Src/stm32g4xx_hal_tim.o
                0x0000000008005874                TIM_Base_SetConfig
 .text.HAL_TIMEx_CommutCallback
                0x00000000080059c4       0x14 Drivers/STM32G4xx_HAL_Driver/Src/stm32g4xx_hal_tim_ex.o
                0x00000000080059c4                HAL_TIMEx_CommutCallback
 .text.HAL_TIMEx_BreakCallback
                0x00000000080059d8       0x14 Drivers/STM32G4xx_HAL_Driver/Src/stm32g4xx_hal_tim_ex.o
                0x00000000080059d8                HAL_TIMEx_BreakCallback
 .text.HAL_TIMEx_Break2Callback
                0x00000000080059ec       0x14 Drivers/STM32G4xx_HAL_Driver/Src/stm32g4xx_hal_tim_ex.o
                0x00000000080059ec                HAL_TIMEx_Break2Callback
 .text.HAL_TIMEx_EncoderIndexCallback
                0x0000000008005a00       0x14 Drivers/STM32G4xx_HAL_Driver/Src/stm32g4xx_hal_tim_ex.o
                0x0000000008005a00                HAL_TIMEx_EncoderIndexCallback
 .text.HAL_TIMEx_DirectionChangeCallback
                0x0000000008005a14       0x14 Drivers/STM32G4xx_HAL_Driver/Src/stm32g4xx_hal_tim_ex.o
                0x0000000008005a14                HAL_TIMEx_DirectionChangeCallback
 .text.HAL_TIMEx_IndexErrorCallback
                0x0000000008005a28       0x14 Drivers/STM32G4xx_HAL_Driver/Src/stm32g4xx_hal_tim_ex.o
                0x0000000008005a28                HAL_TIMEx_IndexErrorCallback
 .text.HAL_TIMEx_TransitionErrorCallback
                0x0000000008005a3c       0x14 Drivers/STM32G4xx_HAL_Driver/Src/stm32g4xx_hal_tim_ex.o
                0x0000000008005a3c                HAL_TIMEx_TransitionErrorCallback
 .text.HAL_UART_Init
                0x0000000008005a50       0xa0 Drivers/STM32G4xx_HAL_Driver/Src/stm32g4xx_hal_uart.o
                0x0000000008005a50                HAL_UART_Init
 .text.HAL_UART_Transmit
                0x0000000008005af0      0x12c Drivers/STM32G4xx_HAL_Driver/Src/stm32g4xx_hal_uart.o
                0x0000000008005af0                HAL_UART_Transmit
 .text.UART_SetConfig
                0x0000000008005c1c      0x5a4 Drivers/STM32G4xx_HAL_Driver/Src/stm32g4xx_hal_uart.o
                0x0000000008005c1c                UART_SetConfig
 .text.UART_AdvFeatureConfig
                0x00000000080061c0      0x144 Drivers/STM32G4xx_HAL_Driver/Src/stm32g4xx_hal_uart.o
                0x00000000080061c0                UART_AdvFeatureConfig
 .text.UART_CheckIdleState
                0x0000000008006304       0x90 Drivers/STM32G4xx_HAL_Driver/Src/stm32g4xx_hal_uart.o
                0x0000000008006304                UART_CheckIdleState
 .text.UART_WaitOnFlagUntilTimeout
                0x0000000008006394      0x100 Drivers/STM32G4xx_HAL_Driver/Src/stm32g4xx_hal_uart.o
                0x0000000008006394                UART_WaitOnFlagUntilTimeout
 .text.HAL_UARTEx_DisableFifoMode
                0x0000000008006494       0x72 Drivers/STM32G4xx_HAL_Driver/Src/stm32g4xx_hal_uart_ex.o
                0x0000000008006494                HAL_UARTEx_DisableFifoMode
 .text.HAL_UARTEx_SetTxFifoThreshold
                0x0000000008006506       0x7c Drivers/STM32G4xx_HAL_Driver/Src/stm32g4xx_hal_uart_ex.o
                0x0000000008006506                HAL_UARTEx_SetTxFifoThreshold
 .text.HAL_UARTEx_SetRxFifoThreshold
                0x0000000008006582       0x7c Drivers/STM32G4xx_HAL_Driver/Src/stm32g4xx_hal_uart_ex.o
                0x0000000008006582                HAL_UARTEx_SetRxFifoThreshold
 *fill*         0x00000000080065fe        0x2 
 .text.UARTEx_SetNbDataToProcess
                0x0000000008006600       0xd0 Drivers/STM32G4xx_HAL_Driver/Src/stm32g4xx_hal_uart_ex.o
 .text.SVC_Setup
                0x00000000080066d0        0xe Middlewares/Third_Party/FreeRTOS/Source/CMSIS_RTOS_V2/cmsis_os2.o
 *fill*         0x00000000080066de        0x2 
 .text.osKernelInitialize
                0x00000000080066e0       0x68 Middlewares/Third_Party/FreeRTOS/Source/CMSIS_RTOS_V2/cmsis_os2.o
                0x00000000080066e0                osKernelInitialize
 .text.osKernelStart
                0x0000000008006748       0x6c Middlewares/Third_Party/FreeRTOS/Source/CMSIS_RTOS_V2/cmsis_os2.o
                0x0000000008006748                osKernelStart
 .text.osThreadNew
                0x00000000080067b4      0x14c Middlewares/Third_Party/FreeRTOS/Source/CMSIS_RTOS_V2/cmsis_os2.o
                0x00000000080067b4                osThreadNew
 .text.osDelay  0x0000000008006900       0x5c Middlewares/Third_Party/FreeRTOS/Source/CMSIS_RTOS_V2/cmsis_os2.o
                0x0000000008006900                osDelay
 .text.osEventFlagsNew
                0x000000000800695c       0xa4 Middlewares/Third_Party/FreeRTOS/Source/CMSIS_RTOS_V2/cmsis_os2.o
                0x000000000800695c                osEventFlagsNew
 .text.osEventFlagsSet
                0x0000000008006a00       0xb0 Middlewares/Third_Party/FreeRTOS/Source/CMSIS_RTOS_V2/cmsis_os2.o
                0x0000000008006a00                osEventFlagsSet
 .text.osEventFlagsClear
                0x0000000008006ab0       0x88 Middlewares/Third_Party/FreeRTOS/Source/CMSIS_RTOS_V2/cmsis_os2.o
                0x0000000008006ab0                osEventFlagsClear
 .text.osEventFlagsGet
                0x0000000008006b38       0x68 Middlewares/Third_Party/FreeRTOS/Source/CMSIS_RTOS_V2/cmsis_os2.o
                0x0000000008006b38                osEventFlagsGet
 .text.osEventFlagsWait
                0x0000000008006ba0       0xec Middlewares/Third_Party/FreeRTOS/Source/CMSIS_RTOS_V2/cmsis_os2.o
                0x0000000008006ba0                osEventFlagsWait
 .text.osMessageQueueNew
                0x0000000008006c8c      0x10c Middlewares/Third_Party/FreeRTOS/Source/CMSIS_RTOS_V2/cmsis_os2.o
                0x0000000008006c8c                osMessageQueueNew
 .text.osMessageQueuePut
                0x0000000008006d98       0xe8 Middlewares/Third_Party/FreeRTOS/Source/CMSIS_RTOS_V2/cmsis_os2.o
                0x0000000008006d98                osMessageQueuePut
 .text.osMessageQueueGet
                0x0000000008006e80       0xe4 Middlewares/Third_Party/FreeRTOS/Source/CMSIS_RTOS_V2/cmsis_os2.o
                0x0000000008006e80                osMessageQueueGet
 .text.vApplicationGetIdleTaskMemory
                0x0000000008006f64       0x34 Middlewares/Third_Party/FreeRTOS/Source/CMSIS_RTOS_V2/cmsis_os2.o
                0x0000000008006f64                vApplicationGetIdleTaskMemory
 .text.vApplicationGetTimerTaskMemory
                0x0000000008006f98       0x34 Middlewares/Third_Party/FreeRTOS/Source/CMSIS_RTOS_V2/cmsis_os2.o
                0x0000000008006f98                vApplicationGetTimerTaskMemory
 .text.xEventGroupCreateStatic
                0x0000000008006fcc       0x6a Middlewares/Third_Party/FreeRTOS/Source/event_groups.o
                0x0000000008006fcc                xEventGroupCreateStatic
 .text.xEventGroupCreate
                0x0000000008007036       0x34 Middlewares/Third_Party/FreeRTOS/Source/event_groups.o
                0x0000000008007036                xEventGroupCreate
 *fill*         0x000000000800706a        0x2 
 .text.xEventGroupWaitBits
                0x000000000800706c      0x194 Middlewares/Third_Party/FreeRTOS/Source/event_groups.o
                0x000000000800706c                xEventGroupWaitBits
 .text.xEventGroupClearBits
                0x0000000008007200       0x6c Middlewares/Third_Party/FreeRTOS/Source/event_groups.o
                0x0000000008007200                xEventGroupClearBits
 .text.xEventGroupClearBitsFromISR
                0x000000000800726c       0x28 Middlewares/Third_Party/FreeRTOS/Source/event_groups.o
                0x000000000800726c                xEventGroupClearBitsFromISR
 .text.xEventGroupGetBitsFromISR
                0x0000000008007294       0x46 Middlewares/Third_Party/FreeRTOS/Source/event_groups.o
                0x0000000008007294                xEventGroupGetBitsFromISR
 .text.xEventGroupSetBits
                0x00000000080072da      0x112 Middlewares/Third_Party/FreeRTOS/Source/event_groups.o
                0x00000000080072da                xEventGroupSetBits
 .text.vEventGroupSetBitsCallback
                0x00000000080073ec       0x1a Middlewares/Third_Party/FreeRTOS/Source/event_groups.o
                0x00000000080073ec                vEventGroupSetBitsCallback
 .text.vEventGroupClearBitsCallback
                0x0000000008007406       0x1a Middlewares/Third_Party/FreeRTOS/Source/event_groups.o
                0x0000000008007406                vEventGroupClearBitsCallback
 .text.prvTestWaitCondition
                0x0000000008007420       0x44 Middlewares/Third_Party/FreeRTOS/Source/event_groups.o
 .text.xEventGroupSetBitsFromISR
                0x0000000008007464       0x28 Middlewares/Third_Party/FreeRTOS/Source/event_groups.o
                0x0000000008007464                xEventGroupSetBitsFromISR
 .text.vListInitialise
                0x000000000800748c       0x40 Middlewares/Third_Party/FreeRTOS/Source/list.o
                0x000000000800748c                vListInitialise
 .text.vListInitialiseItem
                0x00000000080074cc       0x1a Middlewares/Third_Party/FreeRTOS/Source/list.o
                0x00000000080074cc                vListInitialiseItem
 .text.vListInsertEnd
                0x00000000080074e6       0x48 Middlewares/Third_Party/FreeRTOS/Source/list.o
                0x00000000080074e6                vListInsertEnd
 .text.vListInsert
                0x000000000800752e       0x72 Middlewares/Third_Party/FreeRTOS/Source/list.o
                0x000000000800752e                vListInsert
 .text.uxListRemove
                0x00000000080075a0       0x54 Middlewares/Third_Party/FreeRTOS/Source/list.o
                0x00000000080075a0                uxListRemove
 .text.xQueueGenericReset
                0x00000000080075f4       0xd0 Middlewares/Third_Party/FreeRTOS/Source/queue.o
                0x00000000080075f4                xQueueGenericReset
 .text.xQueueGenericCreateStatic
                0x00000000080076c4       0xe6 Middlewares/Third_Party/FreeRTOS/Source/queue.o
                0x00000000080076c4                xQueueGenericCreateStatic
 .text.xQueueGenericCreate
                0x00000000080077aa       0x7e Middlewares/Third_Party/FreeRTOS/Source/queue.o
                0x00000000080077aa                xQueueGenericCreate
 .text.prvInitialiseNewQueue
                0x0000000008007828       0x46 Middlewares/Third_Party/FreeRTOS/Source/queue.o
 *fill*         0x000000000800786e        0x2 
 .text.xQueueGenericSend
                0x0000000008007870      0x1f4 Middlewares/Third_Party/FreeRTOS/Source/queue.o
                0x0000000008007870                xQueueGenericSend
 .text.xQueueGenericSendFromISR
                0x0000000008007a64      0x128 Middlewares/Third_Party/FreeRTOS/Source/queue.o
                0x0000000008007a64                xQueueGenericSendFromISR
 .text.xQueueReceive
                0x0000000008007b8c      0x1b8 Middlewares/Third_Party/FreeRTOS/Source/queue.o
                0x0000000008007b8c                xQueueReceive
 .text.xQueueReceiveFromISR
                0x0000000008007d44       0xfa Middlewares/Third_Party/FreeRTOS/Source/queue.o
                0x0000000008007d44                xQueueReceiveFromISR
 .text.prvCopyDataToQueue
                0x0000000008007e3e       0xd4 Middlewares/Third_Party/FreeRTOS/Source/queue.o
 .text.prvCopyDataFromQueue
                0x0000000008007f12       0x4c Middlewares/Third_Party/FreeRTOS/Source/queue.o
 .text.prvUnlockQueue
                0x0000000008007f5e       0xa4 Middlewares/Third_Party/FreeRTOS/Source/queue.o
 .text.prvIsQueueEmpty
                0x0000000008008002       0x2c Middlewares/Third_Party/FreeRTOS/Source/queue.o
 .text.prvIsQueueFull
                0x000000000800802e       0x30 Middlewares/Third_Party/FreeRTOS/Source/queue.o
 *fill*         0x000000000800805e        0x2 
 .text.vQueueAddToRegistry
                0x0000000008008060       0x50 Middlewares/Third_Party/FreeRTOS/Source/queue.o
                0x0000000008008060                vQueueAddToRegistry
 .text.vQueueWaitForMessageRestricted
                0x00000000080080b0       0x68 Middlewares/Third_Party/FreeRTOS/Source/queue.o
                0x00000000080080b0                vQueueWaitForMessageRestricted
 .text.xTaskCreateStatic
                0x0000000008008118       0xb4 Middlewares/Third_Party/FreeRTOS/Source/tasks.o
                0x0000000008008118                xTaskCreateStatic
 .text.xTaskCreate
                0x00000000080081cc       0x8a Middlewares/Third_Party/FreeRTOS/Source/tasks.o
                0x00000000080081cc                xTaskCreate
 .text.prvInitialiseNewTask
                0x0000000008008256      0x11c Middlewares/Third_Party/FreeRTOS/Source/tasks.o
 *fill*         0x0000000008008372        0x2 
 .text.prvAddNewTaskToReadyList
                0x0000000008008374       0xe0 Middlewares/Third_Party/FreeRTOS/Source/tasks.o
 .text.vTaskDelay
                0x0000000008008454       0x68 Middlewares/Third_Party/FreeRTOS/Source/tasks.o
                0x0000000008008454                vTaskDelay
 .text.vTaskStartScheduler
                0x00000000080084bc       0xc8 Middlewares/Third_Party/FreeRTOS/Source/tasks.o
                0x00000000080084bc                vTaskStartScheduler
 .text.vTaskSuspendAll
                0x0000000008008584       0x1c Middlewares/Third_Party/FreeRTOS/Source/tasks.o
                0x0000000008008584                vTaskSuspendAll
 .text.xTaskResumeAll
                0x00000000080085a0      0x138 Middlewares/Third_Party/FreeRTOS/Source/tasks.o
                0x00000000080085a0                xTaskResumeAll
 .text.xTaskGetTickCount
                0x00000000080086d8       0x20 Middlewares/Third_Party/FreeRTOS/Source/tasks.o
                0x00000000080086d8                xTaskGetTickCount
 .text.xTaskIncrementTick
                0x00000000080086f8      0x170 Middlewares/Third_Party/FreeRTOS/Source/tasks.o
                0x00000000080086f8                xTaskIncrementTick
 .text.vTaskSwitchContext
                0x0000000008008868       0xb8 Middlewares/Third_Party/FreeRTOS/Source/tasks.o
                0x0000000008008868                vTaskSwitchContext
 .text.vTaskPlaceOnEventList
                0x0000000008008920       0x48 Middlewares/Third_Party/FreeRTOS/Source/tasks.o
                0x0000000008008920                vTaskPlaceOnEventList
 .text.vTaskPlaceOnUnorderedEventList
                0x0000000008008968       0x74 Middlewares/Third_Party/FreeRTOS/Source/tasks.o
                0x0000000008008968                vTaskPlaceOnUnorderedEventList
 .text.vTaskPlaceOnEventListRestricted
                0x00000000080089dc       0x54 Middlewares/Third_Party/FreeRTOS/Source/tasks.o
                0x00000000080089dc                vTaskPlaceOnEventListRestricted
 .text.xTaskRemoveFromEventList
                0x0000000008008a30       0xc4 Middlewares/Third_Party/FreeRTOS/Source/tasks.o
                0x0000000008008a30                xTaskRemoveFromEventList
 .text.vTaskRemoveFromUnorderedEventList
                0x0000000008008af4       0xc0 Middlewares/Third_Party/FreeRTOS/Source/tasks.o
                0x0000000008008af4                vTaskRemoveFromUnorderedEventList
 .text.vTaskInternalSetTimeOutState
                0x0000000008008bb4       0x2c Middlewares/Third_Party/FreeRTOS/Source/tasks.o
                0x0000000008008bb4                vTaskInternalSetTimeOutState
 .text.xTaskCheckForTimeOut
                0x0000000008008be0       0xc0 Middlewares/Third_Party/FreeRTOS/Source/tasks.o
                0x0000000008008be0                xTaskCheckForTimeOut
 .text.vTaskMissedYield
                0x0000000008008ca0       0x18 Middlewares/Third_Party/FreeRTOS/Source/tasks.o
                0x0000000008008ca0                vTaskMissedYield
 .text.prvIdleTask
                0x0000000008008cb8       0x30 Middlewares/Third_Party/FreeRTOS/Source/tasks.o
 .text.prvInitialiseTaskLists
                0x0000000008008ce8       0x80 Middlewares/Third_Party/FreeRTOS/Source/tasks.o
 .text.prvCheckTasksWaitingTermination
                0x0000000008008d68       0x58 Middlewares/Third_Party/FreeRTOS/Source/tasks.o
 .text.prvDeleteTCB
                0x0000000008008dc0       0x5c Middlewares/Third_Party/FreeRTOS/Source/tasks.o
 .text.prvResetNextTaskUnblockTime
                0x0000000008008e1c       0x40 Middlewares/Third_Party/FreeRTOS/Source/tasks.o
 .text.xTaskGetSchedulerState
                0x0000000008008e5c       0x3c Middlewares/Third_Party/FreeRTOS/Source/tasks.o
                0x0000000008008e5c                xTaskGetSchedulerState
 .text.xTaskPriorityDisinherit
                0x0000000008008e98       0xd8 Middlewares/Third_Party/FreeRTOS/Source/tasks.o
                0x0000000008008e98                xTaskPriorityDisinherit
 .text.uxTaskResetEventItemValue
                0x0000000008008f70       0x30 Middlewares/Third_Party/FreeRTOS/Source/tasks.o
                0x0000000008008f70                uxTaskResetEventItemValue
 .text.prvAddCurrentTaskToDelayedList
                0x0000000008008fa0       0xa8 Middlewares/Third_Party/FreeRTOS/Source/tasks.o
 .text.xTimerCreateTimerTask
                0x0000000008009048       0x90 Middlewares/Third_Party/FreeRTOS/Source/timers.o
                0x0000000008009048                xTimerCreateTimerTask
 .text.xTimerGenericCommand
                0x00000000080090d8       0x98 Middlewares/Third_Party/FreeRTOS/Source/timers.o
                0x00000000080090d8                xTimerGenericCommand
 .text.prvProcessExpiredTimer
                0x0000000008009170       0x98 Middlewares/Third_Party/FreeRTOS/Source/timers.o
 .text.prvTimerTask
                0x0000000008009208       0x24 Middlewares/Third_Party/FreeRTOS/Source/timers.o
 .text.prvProcessTimerOrBlockTask
                0x000000000800922c       0x9c Middlewares/Third_Party/FreeRTOS/Source/timers.o
 .text.prvGetNextExpireTime
                0x00000000080092c8       0x48 Middlewares/Third_Party/FreeRTOS/Source/timers.o
 .text.prvSampleTimeNow
                0x0000000008009310       0x40 Middlewares/Third_Party/FreeRTOS/Source/timers.o
 .text.prvInsertTimerInActiveList
                0x0000000008009350       0x84 Middlewares/Third_Party/FreeRTOS/Source/timers.o
 .text.prvProcessReceivedCommands
                0x00000000080093d4      0x1b8 Middlewares/Third_Party/FreeRTOS/Source/timers.o
 .text.prvSwitchTimerLists
                0x000000000800958c       0xc8 Middlewares/Third_Party/FreeRTOS/Source/timers.o
 .text.prvCheckForValidListAndQueue
                0x0000000008009654       0x80 Middlewares/Third_Party/FreeRTOS/Source/timers.o
 .text.xTimerPendFunctionCallFromISR
                0x00000000080096d4       0x40 Middlewares/Third_Party/FreeRTOS/Source/timers.o
                0x00000000080096d4                xTimerPendFunctionCallFromISR
 .text.pxPortInitialiseStack
                0x0000000008009714       0x68 Middlewares/Third_Party/FreeRTOS/Source/portable/GCC/ARM_CM4F/port.o
                0x0000000008009714                pxPortInitialiseStack
 .text.prvTaskExitError
                0x000000000800977c       0x54 Middlewares/Third_Party/FreeRTOS/Source/portable/GCC/ARM_CM4F/port.o
 .text.SVC_Handler
                0x00000000080097d0       0x28 Middlewares/Third_Party/FreeRTOS/Source/portable/GCC/ARM_CM4F/port.o
                0x00000000080097d0                SVC_Handler
 .text.prvPortStartFirstTask
                0x00000000080097f8       0x28 Middlewares/Third_Party/FreeRTOS/Source/portable/GCC/ARM_CM4F/port.o
 .text.xPortStartScheduler
                0x0000000008009820      0x13c Middlewares/Third_Party/FreeRTOS/Source/portable/GCC/ARM_CM4F/port.o
                0x0000000008009820                xPortStartScheduler
 .text.vPortEnterCritical
                0x000000000800995c       0x5c Middlewares/Third_Party/FreeRTOS/Source/portable/GCC/ARM_CM4F/port.o
                0x000000000800995c                vPortEnterCritical
 .text.vPortExitCritical
                0x00000000080099b8       0x50 Middlewares/Third_Party/FreeRTOS/Source/portable/GCC/ARM_CM4F/port.o
                0x00000000080099b8                vPortExitCritical
 *fill*         0x0000000008009a08        0x8 
 .text.PendSV_Handler
                0x0000000008009a10       0x68 Middlewares/Third_Party/FreeRTOS/Source/portable/GCC/ARM_CM4F/port.o
                0x0000000008009a10                PendSV_Handler
 .text.SysTick_Handler
                0x0000000008009a78       0x40 Middlewares/Third_Party/FreeRTOS/Source/portable/GCC/ARM_CM4F/port.o
                0x0000000008009a78                SysTick_Handler
 .text.vPortSetupTimerInterrupt
                0x0000000008009ab8       0x48 Middlewares/Third_Party/FreeRTOS/Source/portable/GCC/ARM_CM4F/port.o
                0x0000000008009ab8                vPortSetupTimerInterrupt
 .text.vPortEnableVFP
                0x0000000008009b00       0x14 Middlewares/Third_Party/FreeRTOS/Source/portable/GCC/ARM_CM4F/port.o
 .text.vPortValidateInterruptPriority
                0x0000000008009b14       0x7c Middlewares/Third_Party/FreeRTOS/Source/portable/GCC/ARM_CM4F/port.o
                0x0000000008009b14                vPortValidateInterruptPriority
 .text.pvPortMalloc
                0x0000000008009b90      0x184 Middlewares/Third_Party/FreeRTOS/Source/portable/MemMang/heap_4.o
                0x0000000008009b90                pvPortMalloc
 .text.vPortFree
                0x0000000008009d14       0xb0 Middlewares/Third_Party/FreeRTOS/Source/portable/MemMang/heap_4.o
                0x0000000008009d14                vPortFree
 .text.prvHeapInit
                0x0000000008009dc4       0xc4 Middlewares/Third_Party/FreeRTOS/Source/portable/MemMang/heap_4.o
 .text.prvInsertBlockIntoFreeList
                0x0000000008009e88       0xb4 Middlewares/Third_Party/FreeRTOS/Source/portable/MemMang/heap_4.o
 .text.__errno  0x0000000008009f3c        0xc c:/st/stm32cubeide_1.4.0/stm32cubeide/plugins/com.st.stm32cube.ide.mcu.externaltools.gnu-tools-for-stm32.7-2018-q2-update.win32_1.4.0.202007081208/tools/bin/../lib/gcc/arm-none-eabi/7.3.1/../../../../arm-none-eabi/lib/thumb/v7e-m/fpv4-sp/hard\libc_nano.a(lib_a-errno.o)
                0x0000000008009f3c                __errno
 .text.__libc_init_array
                0x0000000008009f48       0x48 c:/st/stm32cubeide_1.4.0/stm32cubeide/plugins/com.st.stm32cube.ide.mcu.externaltools.gnu-tools-for-stm32.7-2018-q2-update.win32_1.4.0.202007081208/tools/bin/../lib/gcc/arm-none-eabi/7.3.1/../../../../arm-none-eabi/lib/thumb/v7e-m/fpv4-sp/hard\libc_nano.a(lib_a-init.o)
                0x0000000008009f48                __libc_init_array
 .text.memcpy   0x0000000008009f90       0x16 c:/st/stm32cubeide_1.4.0/stm32cubeide/plugins/com.st.stm32cube.ide.mcu.externaltools.gnu-tools-for-stm32.7-2018-q2-update.win32_1.4.0.202007081208/tools/bin/../lib/gcc/arm-none-eabi/7.3.1/../../../../arm-none-eabi/lib/thumb/v7e-m/fpv4-sp/hard\libc_nano.a(lib_a-memcpy-stub.o)
                0x0000000008009f90                memcpy
 .text.memset   0x0000000008009fa6       0x10 c:/st/stm32cubeide_1.4.0/stm32cubeide/plugins/com.st.stm32cube.ide.mcu.externaltools.gnu-tools-for-stm32.7-2018-q2-update.win32_1.4.0.202007081208/tools/bin/../lib/gcc/arm-none-eabi/7.3.1/../../../../arm-none-eabi/lib/thumb/v7e-m/fpv4-sp/hard\libc_nano.a(lib_a-memset.o)
                0x0000000008009fa6                memset
 *fill*         0x0000000008009fb6        0x2 
 .text.sprintf  0x0000000008009fb8       0x40 c:/st/stm32cubeide_1.4.0/stm32cubeide/plugins/com.st.stm32cube.ide.mcu.externaltools.gnu-tools-for-stm32.7-2018-q2-update.win32_1.4.0.202007081208/tools/bin/../lib/gcc/arm-none-eabi/7.3.1/../../../../arm-none-eabi/lib/thumb/v7e-m/fpv4-sp/hard\libc_nano.a(lib_a-sprintf.o)
                0x0000000008009fb8                siprintf
                0x0000000008009fb8                sprintf
 .text.__ssputs_r
                0x0000000008009ff8       0xb4 c:/st/stm32cubeide_1.4.0/stm32cubeide/plugins/com.st.stm32cube.ide.mcu.externaltools.gnu-tools-for-stm32.7-2018-q2-update.win32_1.4.0.202007081208/tools/bin/../lib/gcc/arm-none-eabi/7.3.1/../../../../arm-none-eabi/lib/thumb/v7e-m/fpv4-sp/hard\libc_nano.a(lib_a-nano-svfprintf.o)
                0x0000000008009ff8                __ssputs_r
 .text._svfprintf_r
                0x000000000800a0ac      0x1f0 c:/st/stm32cubeide_1.4.0/stm32cubeide/plugins/com.st.stm32cube.ide.mcu.externaltools.gnu-tools-for-stm32.7-2018-q2-update.win32_1.4.0.202007081208/tools/bin/../lib/gcc/arm-none-eabi/7.3.1/../../../../arm-none-eabi/lib/thumb/v7e-m/fpv4-sp/hard\libc_nano.a(lib_a-nano-svfprintf.o)
                0x000000000800a0ac                _svfiprintf_r
                0x000000000800a0ac                _svfprintf_r
 .text._printf_common
                0x000000000800a29c       0xea c:/st/stm32cubeide_1.4.0/stm32cubeide/plugins/com.st.stm32cube.ide.mcu.externaltools.gnu-tools-for-stm32.7-2018-q2-update.win32_1.4.0.202007081208/tools/bin/../lib/gcc/arm-none-eabi/7.3.1/../../../../arm-none-eabi/lib/thumb/v7e-m/fpv4-sp/hard\libc_nano.a(lib_a-nano-vfprintf_i.o)
                0x000000000800a29c                _printf_common
 *fill*         0x000000000800a386        0x2 
 .text._printf_i
                0x000000000800a388      0x224 c:/st/stm32cubeide_1.4.0/stm32cubeide/plugins/com.st.stm32cube.ide.mcu.externaltools.gnu-tools-for-stm32.7-2018-q2-update.win32_1.4.0.202007081208/tools/bin/../lib/gcc/arm-none-eabi/7.3.1/../../../../arm-none-eabi/lib/thumb/v7e-m/fpv4-sp/hard\libc_nano.a(lib_a-nano-vfprintf_i.o)
                0x000000000800a388                _printf_i
 .text.memmove  0x000000000800a5ac       0x32 c:/st/stm32cubeide_1.4.0/stm32cubeide/plugins/com.st.stm32cube.ide.mcu.externaltools.gnu-tools-for-stm32.7-2018-q2-update.win32_1.4.0.202007081208/tools/bin/../lib/gcc/arm-none-eabi/7.3.1/../../../../arm-none-eabi/lib/thumb/v7e-m/fpv4-sp/hard\libc_nano.a(lib_a-memmove.o)
                0x000000000800a5ac                memmove
 *fill*         0x000000000800a5de        0x2 
 .text._free_r  0x000000000800a5e0       0x9c c:/st/stm32cubeide_1.4.0/stm32cubeide/plugins/com.st.stm32cube.ide.mcu.externaltools.gnu-tools-for-stm32.7-2018-q2-update.win32_1.4.0.202007081208/tools/bin/../lib/gcc/arm-none-eabi/7.3.1/../../../../arm-none-eabi/lib/thumb/v7e-m/fpv4-sp/hard\libc_nano.a(lib_a-nano-freer.o)
                0x000000000800a5e0                _free_r
 .text._malloc_r
                0x000000000800a67c       0xb4 c:/st/stm32cubeide_1.4.0/stm32cubeide/plugins/com.st.stm32cube.ide.mcu.externaltools.gnu-tools-for-stm32.7-2018-q2-update.win32_1.4.0.202007081208/tools/bin/../lib/gcc/arm-none-eabi/7.3.1/../../../../arm-none-eabi/lib/thumb/v7e-m/fpv4-sp/hard\libc_nano.a(lib_a-nano-mallocr.o)
                0x000000000800a67c                _malloc_r
 .text._realloc_r
                0x000000000800a730       0x4c c:/st/stm32cubeide_1.4.0/stm32cubeide/plugins/com.st.stm32cube.ide.mcu.externaltools.gnu-tools-for-stm32.7-2018-q2-update.win32_1.4.0.202007081208/tools/bin/../lib/gcc/arm-none-eabi/7.3.1/../../../../arm-none-eabi/lib/thumb/v7e-m/fpv4-sp/hard\libc_nano.a(lib_a-nano-reallocr.o)
                0x000000000800a730                _realloc_r
 .text._sbrk_r  0x000000000800a77c       0x20 c:/st/stm32cubeide_1.4.0/stm32cubeide/plugins/com.st.stm32cube.ide.mcu.externaltools.gnu-tools-for-stm32.7-2018-q2-update.win32_1.4.0.202007081208/tools/bin/../lib/gcc/arm-none-eabi/7.3.1/../../../../arm-none-eabi/lib/thumb/v7e-m/fpv4-sp/hard\libc_nano.a(lib_a-sbrkr.o)
                0x000000000800a77c                _sbrk_r
 .text.__malloc_lock
                0x000000000800a79c        0x2 c:/st/stm32cubeide_1.4.0/stm32cubeide/plugins/com.st.stm32cube.ide.mcu.externaltools.gnu-tools-for-stm32.7-2018-q2-update.win32_1.4.0.202007081208/tools/bin/../lib/gcc/arm-none-eabi/7.3.1/../../../../arm-none-eabi/lib/thumb/v7e-m/fpv4-sp/hard\libc_nano.a(lib_a-mlock.o)
                0x000000000800a79c                __malloc_lock
 .text.__malloc_unlock
                0x000000000800a79e        0x2 c:/st/stm32cubeide_1.4.0/stm32cubeide/plugins/com.st.stm32cube.ide.mcu.externaltools.gnu-tools-for-stm32.7-2018-q2-update.win32_1.4.0.202007081208/tools/bin/../lib/gcc/arm-none-eabi/7.3.1/../../../../arm-none-eabi/lib/thumb/v7e-m/fpv4-sp/hard\libc_nano.a(lib_a-mlock.o)
                0x000000000800a79e                __malloc_unlock
 .text._malloc_usable_size_r
                0x000000000800a7a0       0x10 c:/st/stm32cubeide_1.4.0/stm32cubeide/plugins/com.st.stm32cube.ide.mcu.externaltools.gnu-tools-for-stm32.7-2018-q2-update.win32_1.4.0.202007081208/tools/bin/../lib/gcc/arm-none-eabi/7.3.1/../../../../arm-none-eabi/lib/thumb/v7e-m/fpv4-sp/hard\libc_nano.a(lib_a-nano-msizer.o)
                0x000000000800a7a0                _malloc_usable_size_r
 *(.glue_7)
 .glue_7        0x000000000800a7b0        0x0 linker stubs
 *(.glue_7t)
 .glue_7t       0x000000000800a7b0        0x0 linker stubs
 *(.eh_frame)
 .eh_frame      0x000000000800a7b0        0x0 c:/st/stm32cubeide_1.4.0/stm32cubeide/plugins/com.st.stm32cube.ide.mcu.externaltools.gnu-tools-for-stm32.7-2018-q2-update.win32_1.4.0.202007081208/tools/bin/../lib/gcc/arm-none-eabi/7.3.1/thumb/v7e-m/fpv4-sp/hard/crtbegin.o
 *(.init)
 .init          0x000000000800a7b0        0x4 c:/st/stm32cubeide_1.4.0/stm32cubeide/plugins/com.st.stm32cube.ide.mcu.externaltools.gnu-tools-for-stm32.7-2018-q2-update.win32_1.4.0.202007081208/tools/bin/../lib/gcc/arm-none-eabi/7.3.1/thumb/v7e-m/fpv4-sp/hard/crti.o
                0x000000000800a7b0                _init
 .init          0x000000000800a7b4        0x8 c:/st/stm32cubeide_1.4.0/stm32cubeide/plugins/com.st.stm32cube.ide.mcu.externaltools.gnu-tools-for-stm32.7-2018-q2-update.win32_1.4.0.202007081208/tools/bin/../lib/gcc/arm-none-eabi/7.3.1/thumb/v7e-m/fpv4-sp/hard/crtn.o
 *(.fini)
 .fini          0x000000000800a7bc        0x4 c:/st/stm32cubeide_1.4.0/stm32cubeide/plugins/com.st.stm32cube.ide.mcu.externaltools.gnu-tools-for-stm32.7-2018-q2-update.win32_1.4.0.202007081208/tools/bin/../lib/gcc/arm-none-eabi/7.3.1/thumb/v7e-m/fpv4-sp/hard/crti.o
                0x000000000800a7bc                _fini
 .fini          0x000000000800a7c0        0x8 c:/st/stm32cubeide_1.4.0/stm32cubeide/plugins/com.st.stm32cube.ide.mcu.externaltools.gnu-tools-for-stm32.7-2018-q2-update.win32_1.4.0.202007081208/tools/bin/../lib/gcc/arm-none-eabi/7.3.1/thumb/v7e-m/fpv4-sp/hard/crtn.o
                0x000000000800a7c8                . = ALIGN (0x4)
                0x000000000800a7c8                _etext = .

.vfp11_veneer   0x000000000800a7c8        0x0
 .vfp11_veneer  0x000000000800a7c8        0x0 linker stubs

.v4_bx          0x000000000800a7c8        0x0
 .v4_bx         0x000000000800a7c8        0x0 linker stubs

.iplt           0x000000000800a7c8        0x0
 .iplt          0x000000000800a7c8        0x0 c:/st/stm32cubeide_1.4.0/stm32cubeide/plugins/com.st.stm32cube.ide.mcu.externaltools.gnu-tools-for-stm32.7-2018-q2-update.win32_1.4.0.202007081208/tools/bin/../lib/gcc/arm-none-eabi/7.3.1/thumb/v7e-m/fpv4-sp/hard/crtbegin.o

.rodata         0x000000000800a7c8      0x2e4
                0x000000000800a7c8                . = ALIGN (0x4)
 *(.rodata)
 .rodata        0x000000000800a7c8      0x1a4 Core/Src/main.o
 .rodata        0x000000000800a96c       0x10 Drivers/STM32G4xx_HAL_Driver/Src/stm32g4xx_hal_uart_ex.o
 .rodata        0x000000000800a97c        0x5 Middlewares/Third_Party/FreeRTOS/Source/tasks.o
 *fill*         0x000000000800a981        0x3 
 .rodata        0x000000000800a984        0xd Middlewares/Third_Party/FreeRTOS/Source/timers.o
 *(.rodata*)
 *fill*         0x000000000800a991        0x3 
 .rodata.calculoComprimentoOndaBragg_attributes
                0x000000000800a994       0x24 Core/Src/main.o
                0x000000000800a994                calculoComprimentoOndaBragg_attributes
 .rodata.caracterizacaoDoEspectro_attributes
                0x000000000800a9b8       0x24 Core/Src/main.o
                0x000000000800a9b8                caracterizacaoDoEspectro_attributes
 .rodata.transmissaoDeDadosPC_attributes
                0x000000000800a9dc       0x24 Core/Src/main.o
                0x000000000800a9dc                transmissaoDeDadosPC_attributes
 .rodata.filaVarredura_attributes
                0x000000000800aa00       0x18 Core/Src/main.o
                0x000000000800aa00                filaVarredura_attributes
 .rodata.filaValorInterrogado_attributes
                0x000000000800aa18       0x18 Core/Src/main.o
                0x000000000800aa18                filaValorInterrogado_attributes
 .rodata.filaCaracterizacao_attributes
                0x000000000800aa30       0x18 Core/Src/main.o
                0x000000000800aa30                filaCaracterizacao_attributes
 .rodata.AHBPrescTable
                0x000000000800aa48       0x10 Core/Src/system_stm32g4xx.o
                0x000000000800aa48                AHBPrescTable
 .rodata.APBPrescTable
                0x000000000800aa58        0x8 Core/Src/system_stm32g4xx.o
                0x000000000800aa58                APBPrescTable
 .rodata.UARTPrescTable
                0x000000000800aa60       0x18 Drivers/STM32G4xx_HAL_Driver/Src/stm32g4xx_hal_uart.o
                0x000000000800aa60                UARTPrescTable
 .rodata._svfprintf_r.str1.1
                0x000000000800aa78       0x11 c:/st/stm32cubeide_1.4.0/stm32cubeide/plugins/com.st.stm32cube.ide.mcu.externaltools.gnu-tools-for-stm32.7-2018-q2-update.win32_1.4.0.202007081208/tools/bin/../lib/gcc/arm-none-eabi/7.3.1/../../../../arm-none-eabi/lib/thumb/v7e-m/fpv4-sp/hard\libc_nano.a(lib_a-nano-svfprintf.o)
 .rodata._printf_i.str1.1
                0x000000000800aa89       0x22 c:/st/stm32cubeide_1.4.0/stm32cubeide/plugins/com.st.stm32cube.ide.mcu.externaltools.gnu-tools-for-stm32.7-2018-q2-update.win32_1.4.0.202007081208/tools/bin/../lib/gcc/arm-none-eabi/7.3.1/../../../../arm-none-eabi/lib/thumb/v7e-m/fpv4-sp/hard\libc_nano.a(lib_a-nano-vfprintf_i.o)
                0x000000000800aaac                . = ALIGN (0x4)
 *fill*         0x000000000800aaab        0x1 

.ARM.extab      0x000000000800aaac        0x0
                0x000000000800aaac                . = ALIGN (0x4)
 *(.ARM.extab* .gnu.linkonce.armextab.*)
                0x000000000800aaac                . = ALIGN (0x4)

.ARM            0x000000000800aaac        0x8
                0x000000000800aaac                . = ALIGN (0x4)
                0x000000000800aaac                __exidx_start = .
 *(.ARM.exidx*)
 .ARM.exidx     0x000000000800aaac        0x8 c:/st/stm32cubeide_1.4.0/stm32cubeide/plugins/com.st.stm32cube.ide.mcu.externaltools.gnu-tools-for-stm32.7-2018-q2-update.win32_1.4.0.202007081208/tools/bin/../lib/gcc/arm-none-eabi/7.3.1/thumb/v7e-m/fpv4-sp/hard\libgcc.a(_udivmoddi4.o)
                0x000000000800aab4                __exidx_end = .
                0x000000000800aab4                . = ALIGN (0x4)

.rel.dyn        0x000000000800aab4        0x0
 .rel.iplt      0x000000000800aab4        0x0 c:/st/stm32cubeide_1.4.0/stm32cubeide/plugins/com.st.stm32cube.ide.mcu.externaltools.gnu-tools-for-stm32.7-2018-q2-update.win32_1.4.0.202007081208/tools/bin/../lib/gcc/arm-none-eabi/7.3.1/thumb/v7e-m/fpv4-sp/hard/crtbegin.o

.preinit_array  0x000000000800aab4        0x0
                0x000000000800aab4                . = ALIGN (0x4)
                0x000000000800aab4                PROVIDE (__preinit_array_start = .)
 *(.preinit_array*)
                0x000000000800aab4                PROVIDE (__preinit_array_end = .)
                0x000000000800aab4                . = ALIGN (0x4)

.init_array     0x000000000800aab4        0x4
                0x000000000800aab4                . = ALIGN (0x4)
                0x000000000800aab4                PROVIDE (__init_array_start = .)
 *(SORT_BY_NAME(.init_array.*))
 *(.init_array*)
 .init_array    0x000000000800aab4        0x4 c:/st/stm32cubeide_1.4.0/stm32cubeide/plugins/com.st.stm32cube.ide.mcu.externaltools.gnu-tools-for-stm32.7-2018-q2-update.win32_1.4.0.202007081208/tools/bin/../lib/gcc/arm-none-eabi/7.3.1/thumb/v7e-m/fpv4-sp/hard/crtbegin.o
                0x000000000800aab8                PROVIDE (__init_array_end = .)
                0x000000000800aab8                . = ALIGN (0x4)

.fini_array     0x000000000800aab8        0x4
                0x000000000800aab8                . = ALIGN (0x4)
                [!provide]                        PROVIDE (__fini_array_start = .)
 *(SORT_BY_NAME(.fini_array.*))
 *(.fini_array*)
 .fini_array    0x000000000800aab8        0x4 c:/st/stm32cubeide_1.4.0/stm32cubeide/plugins/com.st.stm32cube.ide.mcu.externaltools.gnu-tools-for-stm32.7-2018-q2-update.win32_1.4.0.202007081208/tools/bin/../lib/gcc/arm-none-eabi/7.3.1/thumb/v7e-m/fpv4-sp/hard/crtbegin.o
                [!provide]                        PROVIDE (__fini_array_end = .)
                0x000000000800aabc                . = ALIGN (0x4)
                0x000000000800aabc                _sidata = LOADADDR (.data)

.data           0x0000000020000000       0x74 load address 0x000000000800aabc
                0x0000000020000000                . = ALIGN (0x4)
                0x0000000020000000                _sdata = .
 *(.data)
 *(.data*)
 .data.SystemCoreClock
                0x0000000020000000        0x4 Core/Src/system_stm32g4xx.o
                0x0000000020000000                SystemCoreClock
 .data.uwTickPrio
                0x0000000020000004        0x4 Drivers/STM32G4xx_HAL_Driver/Src/stm32g4xx_hal.o
                0x0000000020000004                uwTickPrio
 .data.uwTickFreq
                0x0000000020000008        0x4 Drivers/STM32G4xx_HAL_Driver/Src/stm32g4xx_hal.o
                0x0000000020000008                uwTickFreq
 .data.uxCriticalNesting
                0x000000002000000c        0x4 Middlewares/Third_Party/FreeRTOS/Source/portable/GCC/ARM_CM4F/port.o
 .data._impure_ptr
                0x0000000020000010        0x4 c:/st/stm32cubeide_1.4.0/stm32cubeide/plugins/com.st.stm32cube.ide.mcu.externaltools.gnu-tools-for-stm32.7-2018-q2-update.win32_1.4.0.202007081208/tools/bin/../lib/gcc/arm-none-eabi/7.3.1/../../../../arm-none-eabi/lib/thumb/v7e-m/fpv4-sp/hard\libc_nano.a(lib_a-impure.o)
                0x0000000020000010                _impure_ptr
 .data.impure_data
                0x0000000020000014       0x60 c:/st/stm32cubeide_1.4.0/stm32cubeide/plugins/com.st.stm32cube.ide.mcu.externaltools.gnu-tools-for-stm32.7-2018-q2-update.win32_1.4.0.202007081208/tools/bin/../lib/gcc/arm-none-eabi/7.3.1/../../../../arm-none-eabi/lib/thumb/v7e-m/fpv4-sp/hard\libc_nano.a(lib_a-impure.o)
                0x0000000020000074                . = ALIGN (0x4)
                0x0000000020000074                _edata = .

.igot.plt       0x0000000020000074        0x0 load address 0x000000000800ab30
 .igot.plt      0x0000000020000074        0x0 c:/st/stm32cubeide_1.4.0/stm32cubeide/plugins/com.st.stm32cube.ide.mcu.externaltools.gnu-tools-for-stm32.7-2018-q2-update.win32_1.4.0.202007081208/tools/bin/../lib/gcc/arm-none-eabi/7.3.1/thumb/v7e-m/fpv4-sp/hard/crtbegin.o
                0x0000000020000074                . = ALIGN (0x4)

.bss            0x0000000020000074    0x10fa4 load address 0x000000000800ab30
                0x0000000020000074                _sbss = .
                0x0000000020000074                __bss_start__ = _sbss
 *(.bss)
 .bss           0x0000000020000074       0x1c c:/st/stm32cubeide_1.4.0/stm32cubeide/plugins/com.st.stm32cube.ide.mcu.externaltools.gnu-tools-for-stm32.7-2018-q2-update.win32_1.4.0.202007081208/tools/bin/../lib/gcc/arm-none-eabi/7.3.1/thumb/v7e-m/fpv4-sp/hard/crtbegin.o
 *(.bss*)
 .bss.__sbrk_heap_end
                0x0000000020000090        0x4 Core/Src/sysmem.o
 .bss.KernelState
                0x0000000020000094        0x4 Middlewares/Third_Party/FreeRTOS/Source/CMSIS_RTOS_V2/cmsis_os2.o
 .bss.Idle_TCB  0x0000000020000098       0x6c Middlewares/Third_Party/FreeRTOS/Source/CMSIS_RTOS_V2/cmsis_os2.o
 .bss.Idle_Stack
                0x0000000020000104      0x200 Middlewares/Third_Party/FreeRTOS/Source/CMSIS_RTOS_V2/cmsis_os2.o
 .bss.Timer_TCB
                0x0000000020000304       0x6c Middlewares/Third_Party/FreeRTOS/Source/CMSIS_RTOS_V2/cmsis_os2.o
 .bss.Timer_Stack
                0x0000000020000370      0x400 Middlewares/Third_Party/FreeRTOS/Source/CMSIS_RTOS_V2/cmsis_os2.o
 .bss.pxCurrentTCB
                0x0000000020000770        0x4 Middlewares/Third_Party/FreeRTOS/Source/tasks.o
                0x0000000020000770                pxCurrentTCB
 .bss.pxReadyTasksLists
                0x0000000020000774      0x460 Middlewares/Third_Party/FreeRTOS/Source/tasks.o
 .bss.xDelayedTaskList1
                0x0000000020000bd4       0x14 Middlewares/Third_Party/FreeRTOS/Source/tasks.o
 .bss.xDelayedTaskList2
                0x0000000020000be8       0x14 Middlewares/Third_Party/FreeRTOS/Source/tasks.o
 .bss.pxDelayedTaskList
                0x0000000020000bfc        0x4 Middlewares/Third_Party/FreeRTOS/Source/tasks.o
 .bss.pxOverflowDelayedTaskList
                0x0000000020000c00        0x4 Middlewares/Third_Party/FreeRTOS/Source/tasks.o
 .bss.xPendingReadyList
                0x0000000020000c04       0x14 Middlewares/Third_Party/FreeRTOS/Source/tasks.o
 .bss.xTasksWaitingTermination
                0x0000000020000c18       0x14 Middlewares/Third_Party/FreeRTOS/Source/tasks.o
 .bss.uxDeletedTasksWaitingCleanUp
                0x0000000020000c2c        0x4 Middlewares/Third_Party/FreeRTOS/Source/tasks.o
 .bss.xSuspendedTaskList
                0x0000000020000c30       0x14 Middlewares/Third_Party/FreeRTOS/Source/tasks.o
 .bss.uxCurrentNumberOfTasks
                0x0000000020000c44        0x4 Middlewares/Third_Party/FreeRTOS/Source/tasks.o
 .bss.xTickCount
                0x0000000020000c48        0x4 Middlewares/Third_Party/FreeRTOS/Source/tasks.o
 .bss.uxTopReadyPriority
                0x0000000020000c4c        0x4 Middlewares/Third_Party/FreeRTOS/Source/tasks.o
 .bss.xSchedulerRunning
                0x0000000020000c50        0x4 Middlewares/Third_Party/FreeRTOS/Source/tasks.o
 .bss.uxPendedTicks
                0x0000000020000c54        0x4 Middlewares/Third_Party/FreeRTOS/Source/tasks.o
 .bss.xYieldPending
                0x0000000020000c58        0x4 Middlewares/Third_Party/FreeRTOS/Source/tasks.o
 .bss.xNumOfOverflows
                0x0000000020000c5c        0x4 Middlewares/Third_Party/FreeRTOS/Source/tasks.o
 .bss.uxTaskNumber
                0x0000000020000c60        0x4 Middlewares/Third_Party/FreeRTOS/Source/tasks.o
 .bss.xNextTaskUnblockTime
                0x0000000020000c64        0x4 Middlewares/Third_Party/FreeRTOS/Source/tasks.o
 .bss.xIdleTaskHandle
                0x0000000020000c68        0x4 Middlewares/Third_Party/FreeRTOS/Source/tasks.o
 .bss.uxSchedulerSuspended
                0x0000000020000c6c        0x4 Middlewares/Third_Party/FreeRTOS/Source/tasks.o
 .bss.xActiveTimerList1
                0x0000000020000c70       0x14 Middlewares/Third_Party/FreeRTOS/Source/timers.o
 .bss.xActiveTimerList2
                0x0000000020000c84       0x14 Middlewares/Third_Party/FreeRTOS/Source/timers.o
 .bss.pxCurrentTimerList
                0x0000000020000c98        0x4 Middlewares/Third_Party/FreeRTOS/Source/timers.o
 .bss.pxOverflowTimerList
                0x0000000020000c9c        0x4 Middlewares/Third_Party/FreeRTOS/Source/timers.o
 .bss.xTimerQueue
                0x0000000020000ca0        0x4 Middlewares/Third_Party/FreeRTOS/Source/timers.o
 .bss.xTimerTaskHandle
                0x0000000020000ca4        0x4 Middlewares/Third_Party/FreeRTOS/Source/timers.o
 .bss.xLastTime.6741
                0x0000000020000ca8        0x4 Middlewares/Third_Party/FreeRTOS/Source/timers.o
 .bss.ucStaticTimerQueueStorage.6792
                0x0000000020000cac       0xa0 Middlewares/Third_Party/FreeRTOS/Source/timers.o
 .bss.xStaticTimerQueue.6791
                0x0000000020000d4c       0x50 Middlewares/Third_Party/FreeRTOS/Source/timers.o
 .bss.ucMaxSysCallPriority
                0x0000000020000d9c        0x1 Middlewares/Third_Party/FreeRTOS/Source/portable/GCC/ARM_CM4F/port.o
 *fill*         0x0000000020000d9d        0x3 
 .bss.ulMaxPRIGROUPValue
                0x0000000020000da0        0x4 Middlewares/Third_Party/FreeRTOS/Source/portable/GCC/ARM_CM4F/port.o
 .bss.ucHeap    0x0000000020000da4    0x10000 Middlewares/Third_Party/FreeRTOS/Source/portable/MemMang/heap_4.o
 .bss.xStart    0x0000000020010da4        0x8 Middlewares/Third_Party/FreeRTOS/Source/portable/MemMang/heap_4.o
 .bss.pxEnd     0x0000000020010dac        0x4 Middlewares/Third_Party/FreeRTOS/Source/portable/MemMang/heap_4.o
 .bss.xFreeBytesRemaining
                0x0000000020010db0        0x4 Middlewares/Third_Party/FreeRTOS/Source/portable/MemMang/heap_4.o
 .bss.xMinimumEverFreeBytesRemaining
                0x0000000020010db4        0x4 Middlewares/Third_Party/FreeRTOS/Source/portable/MemMang/heap_4.o
 .bss.xBlockAllocatedBit
                0x0000000020010db8        0x4 Middlewares/Third_Party/FreeRTOS/Source/portable/MemMang/heap_4.o
 .bss.__malloc_free_list
                0x0000000020010dbc        0x4 c:/st/stm32cubeide_1.4.0/stm32cubeide/plugins/com.st.stm32cube.ide.mcu.externaltools.gnu-tools-for-stm32.7-2018-q2-update.win32_1.4.0.202007081208/tools/bin/../lib/gcc/arm-none-eabi/7.3.1/../../../../arm-none-eabi/lib/thumb/v7e-m/fpv4-sp/hard\libc_nano.a(lib_a-nano-mallocr.o)
                0x0000000020010dbc                __malloc_free_list
 .bss.__malloc_sbrk_start
                0x0000000020010dc0        0x4 c:/st/stm32cubeide_1.4.0/stm32cubeide/plugins/com.st.stm32cube.ide.mcu.externaltools.gnu-tools-for-stm32.7-2018-q2-update.win32_1.4.0.202007081208/tools/bin/../lib/gcc/arm-none-eabi/7.3.1/../../../../arm-none-eabi/lib/thumb/v7e-m/fpv4-sp/hard\libc_nano.a(lib_a-nano-mallocr.o)
                0x0000000020010dc0                __malloc_sbrk_start
 *(COMMON)
 COMMON         0x0000000020010dc4      0x1c0 Core/Src/main.o
                0x0000000020010dc4                hdac1
                0x0000000020010dd8                transmissaoDeDadosPCHandle
                0x0000000020010ddc                calculoComprimentoOndaBraggHandle
                0x0000000020010de0                htim17
                0x0000000020010e2c                filaValorInterrogadoHandle
                0x0000000020010e30                hlpuart1
                0x0000000020010ebc                hadc1
                0x0000000020010f28                sinalEventFlag
                0x0000000020010f2c                caracterizacaoDoEspectroHandle
                0x0000000020010f30                filaCaracterizacaoHandle
                0x0000000020010f34                htim16
                0x0000000020010f80                filaVarreduraHandle
 COMMON         0x0000000020010f84       0x4c Core/Src/stm32g4xx_hal_timebase_tim.o
                0x0000000020010f84                htim7
 COMMON         0x0000000020010fd0        0x4 Drivers/STM32G4xx_HAL_Driver/Src/stm32g4xx_hal.o
                0x0000000020010fd0                uwTick
 COMMON         0x0000000020010fd4       0x40 Middlewares/Third_Party/FreeRTOS/Source/queue.o
                0x0000000020010fd4                xQueueRegistry
 COMMON         0x0000000020011014        0x4 c:/st/stm32cubeide_1.4.0/stm32cubeide/plugins/com.st.stm32cube.ide.mcu.externaltools.gnu-tools-for-stm32.7-2018-q2-update.win32_1.4.0.202007081208/tools/bin/../lib/gcc/arm-none-eabi/7.3.1/../../../../arm-none-eabi/lib/thumb/v7e-m/fpv4-sp/hard\libc_nano.a(lib_a-reent.o)
                0x0000000020011014                errno
                0x0000000020011018                . = ALIGN (0x4)
                0x0000000020011018                _ebss = .
                0x0000000020011018                __bss_end__ = _ebss

._user_heap_stack
                0x0000000020011018      0x600 load address 0x000000000800ab30
                0x0000000020011018                . = ALIGN (0x8)
                [!provide]                        PROVIDE (end = .)
                0x0000000020011018                PROVIDE (_end = .)
                0x0000000020011218                . = (. + _Min_Heap_Size)
 *fill*         0x0000000020011018      0x200 
                0x0000000020011618                . = (. + _Min_Stack_Size)
 *fill*         0x0000000020011218      0x400 
                0x0000000020011618                . = ALIGN (0x8)

/DISCARD/
 libc.a(*)
 libm.a(*)
 libgcc.a(*)

.ARM.attributes
                0x0000000000000000       0x30
 *(.ARM.attributes)
 .ARM.attributes
                0x0000000000000000       0x22 c:/st/stm32cubeide_1.4.0/stm32cubeide/plugins/com.st.stm32cube.ide.mcu.externaltools.gnu-tools-for-stm32.7-2018-q2-update.win32_1.4.0.202007081208/tools/bin/../lib/gcc/arm-none-eabi/7.3.1/thumb/v7e-m/fpv4-sp/hard/crti.o
 .ARM.attributes
                0x0000000000000022       0x34 c:/st/stm32cubeide_1.4.0/stm32cubeide/plugins/com.st.stm32cube.ide.mcu.externaltools.gnu-tools-for-stm32.7-2018-q2-update.win32_1.4.0.202007081208/tools/bin/../lib/gcc/arm-none-eabi/7.3.1/thumb/v7e-m/fpv4-sp/hard/crtbegin.o
 .ARM.attributes
                0x0000000000000056       0x39 Core/Src/main.o
 .ARM.attributes
                0x000000000000008f       0x39 Core/Src/stm32g4xx_hal_msp.o
 .ARM.attributes
                0x00000000000000c8       0x39 Core/Src/stm32g4xx_hal_timebase_tim.o
 .ARM.attributes
                0x0000000000000101       0x39 Core/Src/stm32g4xx_it.o
 .ARM.attributes
                0x000000000000013a       0x39 Core/Src/sysmem.o
 .ARM.attributes
                0x0000000000000173       0x39 Core/Src/system_stm32g4xx.o
 .ARM.attributes
                0x00000000000001ac       0x21 Core/Startup/startup_stm32g474retx.o
 .ARM.attributes
                0x00000000000001cd       0x39 Drivers/STM32G4xx_HAL_Driver/Src/stm32g4xx_hal.o
 .ARM.attributes
                0x0000000000000206       0x39 Drivers/STM32G4xx_HAL_Driver/Src/stm32g4xx_hal_adc.o
 .ARM.attributes
                0x000000000000023f       0x39 Drivers/STM32G4xx_HAL_Driver/Src/stm32g4xx_hal_adc_ex.o
 .ARM.attributes
                0x0000000000000278       0x39 Drivers/STM32G4xx_HAL_Driver/Src/stm32g4xx_hal_cortex.o
 .ARM.attributes
                0x00000000000002b1       0x39 Drivers/STM32G4xx_HAL_Driver/Src/stm32g4xx_hal_dac.o
 .ARM.attributes
                0x00000000000002ea       0x39 Drivers/STM32G4xx_HAL_Driver/Src/stm32g4xx_hal_gpio.o
 .ARM.attributes
                0x0000000000000323       0x39 Drivers/STM32G4xx_HAL_Driver/Src/stm32g4xx_hal_pwr_ex.o
 .ARM.attributes
                0x000000000000035c       0x39 Drivers/STM32G4xx_HAL_Driver/Src/stm32g4xx_hal_rcc.o
 .ARM.attributes
                0x0000000000000395       0x39 Drivers/STM32G4xx_HAL_Driver/Src/stm32g4xx_hal_rcc_ex.o
 .ARM.attributes
                0x00000000000003ce       0x39 Drivers/STM32G4xx_HAL_Driver/Src/stm32g4xx_hal_tim.o
 .ARM.attributes
                0x0000000000000407       0x39 Drivers/STM32G4xx_HAL_Driver/Src/stm32g4xx_hal_tim_ex.o
 .ARM.attributes
                0x0000000000000440       0x39 Drivers/STM32G4xx_HAL_Driver/Src/stm32g4xx_hal_uart.o
 .ARM.attributes
                0x0000000000000479       0x39 Drivers/STM32G4xx_HAL_Driver/Src/stm32g4xx_hal_uart_ex.o
 .ARM.attributes
                0x00000000000004b2       0x39 Middlewares/Third_Party/FreeRTOS/Source/CMSIS_RTOS_V2/cmsis_os2.o
 .ARM.attributes
                0x00000000000004eb       0x39 Middlewares/Third_Party/FreeRTOS/Source/event_groups.o
 .ARM.attributes
                0x0000000000000524       0x39 Middlewares/Third_Party/FreeRTOS/Source/list.o
 .ARM.attributes
                0x000000000000055d       0x39 Middlewares/Third_Party/FreeRTOS/Source/queue.o
 .ARM.attributes
                0x0000000000000596       0x39 Middlewares/Third_Party/FreeRTOS/Source/tasks.o
 .ARM.attributes
                0x00000000000005cf       0x39 Middlewares/Third_Party/FreeRTOS/Source/timers.o
 .ARM.attributes
                0x0000000000000608       0x39 Middlewares/Third_Party/FreeRTOS/Source/portable/GCC/ARM_CM4F/port.o
 .ARM.attributes
                0x0000000000000641       0x39 Middlewares/Third_Party/FreeRTOS/Source/portable/MemMang/heap_4.o
 .ARM.attributes
                0x000000000000067a       0x34 c:/st/stm32cubeide_1.4.0/stm32cubeide/plugins/com.st.stm32cube.ide.mcu.externaltools.gnu-tools-for-stm32.7-2018-q2-update.win32_1.4.0.202007081208/tools/bin/../lib/gcc/arm-none-eabi/7.3.1/../../../../arm-none-eabi/lib/thumb/v7e-m/fpv4-sp/hard\libc_nano.a(lib_a-errno.o)
 .ARM.attributes
                0x00000000000006ae       0x34 c:/st/stm32cubeide_1.4.0/stm32cubeide/plugins/com.st.stm32cube.ide.mcu.externaltools.gnu-tools-for-stm32.7-2018-q2-update.win32_1.4.0.202007081208/tools/bin/../lib/gcc/arm-none-eabi/7.3.1/../../../../arm-none-eabi/lib/thumb/v7e-m/fpv4-sp/hard\libc_nano.a(lib_a-impure.o)
 .ARM.attributes
                0x00000000000006e2       0x34 c:/st/stm32cubeide_1.4.0/stm32cubeide/plugins/com.st.stm32cube.ide.mcu.externaltools.gnu-tools-for-stm32.7-2018-q2-update.win32_1.4.0.202007081208/tools/bin/../lib/gcc/arm-none-eabi/7.3.1/../../../../arm-none-eabi/lib/thumb/v7e-m/fpv4-sp/hard\libc_nano.a(lib_a-init.o)
 .ARM.attributes
                0x0000000000000716       0x34 c:/st/stm32cubeide_1.4.0/stm32cubeide/plugins/com.st.stm32cube.ide.mcu.externaltools.gnu-tools-for-stm32.7-2018-q2-update.win32_1.4.0.202007081208/tools/bin/../lib/gcc/arm-none-eabi/7.3.1/../../../../arm-none-eabi/lib/thumb/v7e-m/fpv4-sp/hard\libc_nano.a(lib_a-memcpy-stub.o)
 .ARM.attributes
                0x000000000000074a       0x34 c:/st/stm32cubeide_1.4.0/stm32cubeide/plugins/com.st.stm32cube.ide.mcu.externaltools.gnu-tools-for-stm32.7-2018-q2-update.win32_1.4.0.202007081208/tools/bin/../lib/gcc/arm-none-eabi/7.3.1/../../../../arm-none-eabi/lib/thumb/v7e-m/fpv4-sp/hard\libc_nano.a(lib_a-memset.o)
 .ARM.attributes
                0x000000000000077e       0x34 c:/st/stm32cubeide_1.4.0/stm32cubeide/plugins/com.st.stm32cube.ide.mcu.externaltools.gnu-tools-for-stm32.7-2018-q2-update.win32_1.4.0.202007081208/tools/bin/../lib/gcc/arm-none-eabi/7.3.1/../../../../arm-none-eabi/lib/thumb/v7e-m/fpv4-sp/hard\libc_nano.a(lib_a-sprintf.o)
 .ARM.attributes
                0x00000000000007b2       0x1b c:/st/stm32cubeide_1.4.0/stm32cubeide/plugins/com.st.stm32cube.ide.mcu.externaltools.gnu-tools-for-stm32.7-2018-q2-update.win32_1.4.0.202007081208/tools/bin/../lib/gcc/arm-none-eabi/7.3.1/../../../../arm-none-eabi/lib/thumb/v7e-m/fpv4-sp/hard\libc_nano.a(lib_a-strlen.o)
 .ARM.attributes
                0x00000000000007cd       0x34 c:/st/stm32cubeide_1.4.0/stm32cubeide/plugins/com.st.stm32cube.ide.mcu.externaltools.gnu-tools-for-stm32.7-2018-q2-update.win32_1.4.0.202007081208/tools/bin/../lib/gcc/arm-none-eabi/7.3.1/../../../../arm-none-eabi/lib/thumb/v7e-m/fpv4-sp/hard\libc_nano.a(lib_a-nano-svfprintf.o)
 .ARM.attributes
                0x0000000000000801       0x34 c:/st/stm32cubeide_1.4.0/stm32cubeide/plugins/com.st.stm32cube.ide.mcu.externaltools.gnu-tools-for-stm32.7-2018-q2-update.win32_1.4.0.202007081208/tools/bin/../lib/gcc/arm-none-eabi/7.3.1/../../../../arm-none-eabi/lib/thumb/v7e-m/fpv4-sp/hard\libc_nano.a(lib_a-nano-vfprintf_i.o)
 .ARM.attributes
                0x0000000000000835       0x20 c:/st/stm32cubeide_1.4.0/stm32cubeide/plugins/com.st.stm32cube.ide.mcu.externaltools.gnu-tools-for-stm32.7-2018-q2-update.win32_1.4.0.202007081208/tools/bin/../lib/gcc/arm-none-eabi/7.3.1/../../../../arm-none-eabi/lib/thumb/v7e-m/fpv4-sp/hard\libc_nano.a(lib_a-memchr.o)
 .ARM.attributes
                0x0000000000000855       0x34 c:/st/stm32cubeide_1.4.0/stm32cubeide/plugins/com.st.stm32cube.ide.mcu.externaltools.gnu-tools-for-stm32.7-2018-q2-update.win32_1.4.0.202007081208/tools/bin/../lib/gcc/arm-none-eabi/7.3.1/../../../../arm-none-eabi/lib/thumb/v7e-m/fpv4-sp/hard\libc_nano.a(lib_a-memmove.o)
 .ARM.attributes
                0x0000000000000889       0x34 c:/st/stm32cubeide_1.4.0/stm32cubeide/plugins/com.st.stm32cube.ide.mcu.externaltools.gnu-tools-for-stm32.7-2018-q2-update.win32_1.4.0.202007081208/tools/bin/../lib/gcc/arm-none-eabi/7.3.1/../../../../arm-none-eabi/lib/thumb/v7e-m/fpv4-sp/hard\libc_nano.a(lib_a-nano-freer.o)
 .ARM.attributes
                0x00000000000008bd       0x34 c:/st/stm32cubeide_1.4.0/stm32cubeide/plugins/com.st.stm32cube.ide.mcu.externaltools.gnu-tools-for-stm32.7-2018-q2-update.win32_1.4.0.202007081208/tools/bin/../lib/gcc/arm-none-eabi/7.3.1/../../../../arm-none-eabi/lib/thumb/v7e-m/fpv4-sp/hard\libc_nano.a(lib_a-nano-mallocr.o)
 .ARM.attributes
                0x00000000000008f1       0x34 c:/st/stm32cubeide_1.4.0/stm32cubeide/plugins/com.st.stm32cube.ide.mcu.externaltools.gnu-tools-for-stm32.7-2018-q2-update.win32_1.4.0.202007081208/tools/bin/../lib/gcc/arm-none-eabi/7.3.1/../../../../arm-none-eabi/lib/thumb/v7e-m/fpv4-sp/hard\libc_nano.a(lib_a-nano-reallocr.o)
 .ARM.attributes
                0x0000000000000925       0x34 c:/st/stm32cubeide_1.4.0/stm32cubeide/plugins/com.st.stm32cube.ide.mcu.externaltools.gnu-tools-for-stm32.7-2018-q2-update.win32_1.4.0.202007081208/tools/bin/../lib/gcc/arm-none-eabi/7.3.1/../../../../arm-none-eabi/lib/thumb/v7e-m/fpv4-sp/hard\libc_nano.a(lib_a-sbrkr.o)
 .ARM.attributes
                0x0000000000000959       0x34 c:/st/stm32cubeide_1.4.0/stm32cubeide/plugins/com.st.stm32cube.ide.mcu.externaltools.gnu-tools-for-stm32.7-2018-q2-update.win32_1.4.0.202007081208/tools/bin/../lib/gcc/arm-none-eabi/7.3.1/../../../../arm-none-eabi/lib/thumb/v7e-m/fpv4-sp/hard\libc_nano.a(lib_a-mlock.o)
 .ARM.attributes
                0x000000000000098d       0x34 c:/st/stm32cubeide_1.4.0/stm32cubeide/plugins/com.st.stm32cube.ide.mcu.externaltools.gnu-tools-for-stm32.7-2018-q2-update.win32_1.4.0.202007081208/tools/bin/../lib/gcc/arm-none-eabi/7.3.1/../../../../arm-none-eabi/lib/thumb/v7e-m/fpv4-sp/hard\libc_nano.a(lib_a-nano-msizer.o)
 .ARM.attributes
                0x00000000000009c1       0x34 c:/st/stm32cubeide_1.4.0/stm32cubeide/plugins/com.st.stm32cube.ide.mcu.externaltools.gnu-tools-for-stm32.7-2018-q2-update.win32_1.4.0.202007081208/tools/bin/../lib/gcc/arm-none-eabi/7.3.1/../../../../arm-none-eabi/lib/thumb/v7e-m/fpv4-sp/hard\libc_nano.a(lib_a-reent.o)
 .ARM.attributes
                0x00000000000009f5       0x22 c:/st/stm32cubeide_1.4.0/stm32cubeide/plugins/com.st.stm32cube.ide.mcu.externaltools.gnu-tools-for-stm32.7-2018-q2-update.win32_1.4.0.202007081208/tools/bin/../lib/gcc/arm-none-eabi/7.3.1/thumb/v7e-m/fpv4-sp/hard\libgcc.a(_arm_addsubdf3.o)
 .ARM.attributes
                0x0000000000000a17       0x22 c:/st/stm32cubeide_1.4.0/stm32cubeide/plugins/com.st.stm32cube.ide.mcu.externaltools.gnu-tools-for-stm32.7-2018-q2-update.win32_1.4.0.202007081208/tools/bin/../lib/gcc/arm-none-eabi/7.3.1/thumb/v7e-m/fpv4-sp/hard\libgcc.a(_arm_muldivdf3.o)
 .ARM.attributes