main.c:143:5:main	8	static
main.c:244:6:SystemClock_Config	168	static
main.c:299:13:MX_ADC1_Init	56	static
main.c:364:13:MX_DAC1_Init	56	static
main.c:409:13:MX_LPUART1_UART_Init	8	static
main.c:455:13:MX_TIM16_Init	8	static
main.c:487:13:MX_TIM17_Init	8	static
main.c:519:13:MX_GPIO_Init	48	static
main.c:573:6:HAL_GPIO_EXTI_Callback	16	static
main.c:616:6:startCalculoComprimentoOndaBragg	840	static
main.c:688:6:startCaracterizacaoDoEspectro	1896	static
main.c:780:6:startTransmissaoDeDadosPC	872	static
main.c:845:6:HAL_TIM_PeriodElapsedCallback	1648	static
main.c:950:6:Error_Handler	4	static
